2a03:2880:21ff:8:: - - [18/Feb/2025:13:43:50 +0500] "GET /cms_img/2024-12/1733465406_6752953eb0375.png HTTP/2.0" 200 657648 "https://xn--d1abrdhdaqq.kz/?fbclid=IwZXh0bgNhZW0CMTEAAR12Hhz99VPIqm-wrxwnx5MUp6HSRPK_OBUg0YeNfksOsLymuLDaAJDg__E_aem__gLcjfgnav6mFiQ0jxVq9w" "Mozilla/5.0 (Linux; Android 10; K) AppleWebKit/537.36 (KHTML, like Gecko) Chrome/132.0.0.0 Mobile Safari/537.36"
2a03:2880:21ff:a:: - - [18/Feb/2025:13:43:50 +0500] "GET /cms_img/2024-12/1734494986_67624b0a8bcd3.png HTTP/2.0" 200 727362 "https://xn--d1abrdhdaqq.kz/?fbclid=IwZXh0bgNhZW0CMTEAAR12Hhz99VPIqm-wrxwnx5MUp6HSRPK_OBUg0YeNfksOsLymuLDaAJDg__E_aem__gLcjfgnav6mFiQ0jxVq9w" "Mozilla/5.0 (Linux; Android 10; K) AppleWebKit/537.36 (KHTML, like Gecko) Chrome/132.0.0.0 Mobile Safari/537.36"
2a03:2880:21ff:5:: - - [18/Feb/2025:13:43:50 +0500] "GET /cms_img/2024-12/1733465733_675296853dfe4.png HTTP/2.0" 200 683903 "https://xn--d1abrdhdaqq.kz/?fbclid=IwZXh0bgNhZW0CMTEAAR12Hhz99VPIqm-wrxwnx5MUp6HSRPK_OBUg0YeNfksOsLymuLDaAJDg__E_aem__gLcjfgnav6mFiQ0jxVq9w" "Mozilla/5.0 (Linux; Android 10; K) AppleWebKit/537.36 (KHTML, like Gecko) Chrome/132.0.0.0 Mobile Safari/537.36"
2a03:2880:21ff:a:: - - [18/Feb/2025:13:43:51 +0500] "GET /cms_img/2024-12/1734494921_67624ac926267.png HTTP/2.0" 200 669320 "https://xn--d1abrdhdaqq.kz/?fbclid=IwZXh0bgNhZW0CMTEAAR12Hhz99VPIqm-wrxwnx5MUp6HSRPK_OBUg0YeNfksOsLymuLDaAJDg__E_aem__gLcjfgnav6mFiQ0jxVq9w" "Mozilla/5.0 (Linux; Android 10; K) AppleWebKit/537.36 (KHTML, like Gecko) Chrome/132.0.0.0 Mobile Safari/537.36"
2a03:2880:21ff:8:: - - [18/Feb/2025:13:43:51 +0500] "GET /img/redbg.png HTTP/2.0" 200 3199 "https://xn--d1abrdhdaqq.kz/css.css?0.2" "Mozilla/5.0 (Linux; Android 10; K) AppleWebKit/537.36 (KHTML, like Gecko) Chrome/132.0.0.0 Mobile Safari/537.36"
2a03:2880:21ff:a:: - - [18/Feb/2025:13:43:51 +0500] "GET /img/footer.jpg HTTP/2.0" 200 152799 "https://xn--d1abrdhdaqq.kz/css.css?0.2" "Mozilla/5.0 (Linux; Android 10; K) AppleWebKit/537.36 (KHTML, like Gecko) Chrome/132.0.0.0 Mobile Safari/537.36"
2a03:2880:21ff:8:: - - [18/Feb/2025:13:43:51 +0500] "GET /img/loc.png HTTP/2.0" 200 1014 "https://xn--d1abrdhdaqq.kz/?fbclid=IwZXh0bgNhZW0CMTEAAR12Hhz99VPIqm-wrxwnx5MUp6HSRPK_OBUg0YeNfksOsLymuLDaAJDg__E_aem__gLcjfgnav6mFiQ0jxVq9w" "Mozilla/5.0 (Linux; Android 10; K) AppleWebKit/537.36 (KHTML, like Gecko) Chrome/132.0.0.0 Mobile Safari/537.36"
2a03:2880:21ff:a:: - - [18/Feb/2025:13:43:51 +0500] "GET /img/tel.png HTTP/2.0" 200 557 "https://xn--d1abrdhdaqq.kz/?fbclid=IwZXh0bgNhZW0CMTEAAR12Hhz99VPIqm-wrxwnx5MUp6HSRPK_OBUg0YeNfksOsLymuLDaAJDg__E_aem__gLcjfgnav6mFiQ0jxVq9w" "Mozilla/5.0 (Linux; Android 10; K) AppleWebKit/537.36 (KHTML, like Gecko) Chrome/132.0.0.0 Mobile Safari/537.36"
2a03:2880:21ff:8:: - - [18/Feb/2025:13:43:52 +0500] "GET /img/wats.svg HTTP/2.0" 200 2405 "https://xn--d1abrdhdaqq.kz/?fbclid=IwZXh0bgNhZW0CMTEAAR12Hhz99VPIqm-wrxwnx5MUp6HSRPK_OBUg0YeNfksOsLymuLDaAJDg__E_aem__gLcjfgnav6mFiQ0jxVq9w" "Mozilla/5.0 (Linux; Android 10; K) AppleWebKit/537.36 (KHTML, like Gecko) Chrome/132.0.0.0 Mobile Safari/537.36"
2a03:2880:21ff:a:: - - [18/Feb/2025:13:43:52 +0500] "GET /img/day.png HTTP/2.0" 200 1058 "https://xn--d1abrdhdaqq.kz/?fbclid=IwZXh0bgNhZW0CMTEAAR12Hhz99VPIqm-wrxwnx5MUp6HSRPK_OBUg0YeNfksOsLymuLDaAJDg__E_aem__gLcjfgnav6mFiQ0jxVq9w" "Mozilla/5.0 (Linux; Android 10; K) AppleWebKit/537.36 (KHTML, like Gecko) Chrome/132.0.0.0 Mobile Safari/537.36"
2a03:2880:ff:7:: - - [18/Feb/2025:13:43:56 +0500] "GET /hyst/visual/admin.css?0.2 HTTP/2.0" 200 3332 "https://xn--d1abrdhdaqq.kz/?fbclid=IwZXh0bgNhZW0CMTEAAR0mjU7-ry-SSsPbcxLoUlIFAs2Sn7nttE-QjXEg3DnVRqpkCXLnkrbtHIY_aem_ugOofloVXEeNmoYINMlpNw" "Mozilla/5.0 (Linux; Android 10; K) AppleWebKit/537.36 (KHTML, like Gecko) Chrome/132.0.0.0 Mobile Safari/537.36"
2a03:2880:ff:7:: - - [18/Feb/2025:13:43:56 +0500] "GET /css.css?0.2 HTTP/2.0" 200 2652 "https://xn--d1abrdhdaqq.kz/?fbclid=IwZXh0bgNhZW0CMTEAAR0mjU7-ry-SSsPbcxLoUlIFAs2Sn7nttE-QjXEg3DnVRqpkCXLnkrbtHIY_aem_ugOofloVXEeNmoYINMlpNw" "Mozilla/5.0 (Linux; Android 10; K) AppleWebKit/537.36 (KHTML, like Gecko) Chrome/132.0.0.0 Mobile Safari/537.36"
2a03:2880:ff:7:: - - [18/Feb/2025:13:43:56 +0500] "GET /tab.css?0.2 HTTP/2.0" 200 425 "https://xn--d1abrdhdaqq.kz/?fbclid=IwZXh0bgNhZW0CMTEAAR0mjU7-ry-SSsPbcxLoUlIFAs2Sn7nttE-QjXEg3DnVRqpkCXLnkrbtHIY_aem_ugOofloVXEeNmoYINMlpNw" "Mozilla/5.0 (Linux; Android 10; K) AppleWebKit/537.36 (KHTML, like Gecko) Chrome/132.0.0.0 Mobile Safari/537.36"
2a03:2880:ff:a:: - - [18/Feb/2025:13:43:56 +0500] "GET /hyst/visual/admin_mob.css?0.2 HTTP/2.0" 200 269 "https://xn--d1abrdhdaqq.kz/?fbclid=IwZXh0bgNhZW0CMTEAAR0mjU7-ry-SSsPbcxLoUlIFAs2Sn7nttE-QjXEg3DnVRqpkCXLnkrbtHIY_aem_ugOofloVXEeNmoYINMlpNw" "Mozilla/5.0 (Linux; Android 10; K) AppleWebKit/537.36 (KHTML, like Gecko) Chrome/132.0.0.0 Mobile Safari/537.36"
2a03:2880:ff:7:: - - [18/Feb/2025:13:43:56 +0500] "GET /mob.css?0.2 HTTP/2.0" 200 602 "https://xn--d1abrdhdaqq.kz/?fbclid=IwZXh0bgNhZW0CMTEAAR0mjU7-ry-SSsPbcxLoUlIFAs2Sn7nttE-QjXEg3DnVRqpkCXLnkrbtHIY_aem_ugOofloVXEeNmoYINMlpNw" "Mozilla/5.0 (Linux; Android 10; K) AppleWebKit/537.36 (KHTML, like Gecko) Chrome/132.0.0.0 Mobile Safari/537.36"
2a03:2880:ff:1:: - - [18/Feb/2025:13:43:56 +0500] "GET /hyst/visual/jquery.js HTTP/2.0" 200 29596 "https://xn--d1abrdhdaqq.kz/?fbclid=IwZXh0bgNhZW0CMTEAAR0mjU7-ry-SSsPbcxLoUlIFAs2Sn7nttE-QjXEg3DnVRqpkCXLnkrbtHIY_aem_ugOofloVXEeNmoYINMlpNw" "Mozilla/5.0 (Linux; Android 10; K) AppleWebKit/537.36 (KHTML, like Gecko) Chrome/132.0.0.0 Mobile Safari/537.36"
2a03:2880:31ff:4c:: - - [18/Feb/2025:13:43:56 +0500] "GET /hyst/visual/admin.css?0.2 HTTP/2.0" 200 3332 "https://xn--d1abrdhdaqq.kz/?fbclid=IwZXh0bgNhZW0CMTEAAR2W5XVsAM06X6ElgG8J2xOlhZ1qO4vEC-leUJGbbbvS3jjxORCnjwRVBqY_aem__ZFGpWNgGpup_VD9GAZ5cg" "Mozilla/5.0 (Windows NT 10.0; Win64; x64) AppleWebKit/537.36 (KHTML, like Gecko) Chrome/130.0.0.0 Safari/537.36"
2a03:2880:31ff:4c:: - - [18/Feb/2025:13:43:57 +0500] "GET /css.css?0.2 HTTP/2.0" 200 2652 "https://xn--d1abrdhdaqq.kz/?fbclid=IwZXh0bgNhZW0CMTEAAR2W5XVsAM06X6ElgG8J2xOlhZ1qO4vEC-leUJGbbbvS3jjxORCnjwRVBqY_aem__ZFGpWNgGpup_VD9GAZ5cg" "Mozilla/5.0 (Windows NT 10.0; Win64; x64) AppleWebKit/537.36 (KHTML, like Gecko) Chrome/130.0.0.0 Safari/537.36"
2a03:2880:ff:a:: - - [18/Feb/2025:13:43:57 +0500] "GET /des/fm.revealator.jquery.min.css HTTP/2.0" 200 641 "https://xn--d1abrdhdaqq.kz/?fbclid=IwZXh0bgNhZW0CMTEAAR0mjU7-ry-SSsPbcxLoUlIFAs2Sn7nttE-QjXEg3DnVRqpkCXLnkrbtHIY_aem_ugOofloVXEeNmoYINMlpNw" "Mozilla/5.0 (Linux; Android 10; K) AppleWebKit/537.36 (KHTML, like Gecko) Chrome/132.0.0.0 Mobile Safari/537.36"
2a03:2880:ff:7:: - - [18/Feb/2025:13:43:57 +0500] "GET /hyst/visual/jquery-ui.js HTTP/2.0" 200 62070 "https://xn--d1abrdhdaqq.kz/?fbclid=IwZXh0bgNhZW0CMTEAAR0mjU7-ry-SSsPbcxLoUlIFAs2Sn7nttE-QjXEg3DnVRqpkCXLnkrbtHIY_aem_ugOofloVXEeNmoYINMlpNw" "Mozilla/5.0 (Linux; Android 10; K) AppleWebKit/537.36 (KHTML, like Gecko) Chrome/132.0.0.0 Mobile Safari/537.36"
2a03:2880:31ff:4c:: - - [18/Feb/2025:13:43:57 +0500] "GET /tab.css?0.2 HTTP/2.0" 200 425 "https://xn--d1abrdhdaqq.kz/?fbclid=IwZXh0bgNhZW0CMTEAAR2W5XVsAM06X6ElgG8J2xOlhZ1qO4vEC-leUJGbbbvS3jjxORCnjwRVBqY_aem__ZFGpWNgGpup_VD9GAZ5cg" "Mozilla/5.0 (Windows NT 10.0; Win64; x64) AppleWebKit/537.36 (KHTML, like Gecko) Chrome/130.0.0.0 Safari/537.36"
2a03:2880:31ff:40:: - - [18/Feb/2025:13:43:57 +0500] "GET /hyst/visual/jquery.js HTTP/2.0" 200 29596 "https://xn--d1abrdhdaqq.kz/?fbclid=IwZXh0bgNhZW0CMTEAAR2W5XVsAM06X6ElgG8J2xOlhZ1qO4vEC-leUJGbbbvS3jjxORCnjwRVBqY_aem__ZFGpWNgGpup_VD9GAZ5cg" "Mozilla/5.0 (Windows NT 10.0; Win64; x64) AppleWebKit/537.36 (KHTML, like Gecko) Chrome/130.0.0.0 Safari/537.36"
2a03:2880:31ff:4c:: - - [18/Feb/2025:13:43:57 +0500] "GET /mob.css?0.2 HTTP/2.0" 200 602 "https://xn--d1abrdhdaqq.kz/?fbclid=IwZXh0bgNhZW0CMTEAAR2W5XVsAM06X6ElgG8J2xOlhZ1qO4vEC-leUJGbbbvS3jjxORCnjwRVBqY_aem__ZFGpWNgGpup_VD9GAZ5cg" "Mozilla/5.0 (Windows NT 10.0; Win64; x64) AppleWebKit/537.36 (KHTML, like Gecko) Chrome/130.0.0.0 Safari/537.36"
2a03:2880:31ff:70:: - - [18/Feb/2025:13:43:57 +0500] "GET /hyst/visual/admin_mob.css?0.2 HTTP/2.0" 200 269 "https://xn--d1abrdhdaqq.kz/?fbclid=IwZXh0bgNhZW0CMTEAAR2W5XVsAM06X6ElgG8J2xOlhZ1qO4vEC-leUJGbbbvS3jjxORCnjwRVBqY_aem__ZFGpWNgGpup_VD9GAZ5cg" "Mozilla/5.0 (Windows NT 10.0; Win64; x64) AppleWebKit/537.36 (KHTML, like Gecko) Chrome/130.0.0.0 Safari/537.36"
2a03:2880:ff:a:: - - [18/Feb/2025:13:43:57 +0500] "GET /hyst/visual/main.js?0.2 HTTP/2.0" 200 6028 "https://xn--d1abrdhdaqq.kz/?fbclid=IwZXh0bgNhZW0CMTEAAR0mjU7-ry-SSsPbcxLoUlIFAs2Sn7nttE-QjXEg3DnVRqpkCXLnkrbtHIY_aem_ugOofloVXEeNmoYINMlpNw" "Mozilla/5.0 (Linux; Android 10; K) AppleWebKit/537.36 (KHTML, like Gecko) Chrome/132.0.0.0 Mobile Safari/537.36"
2a03:2880:ff:1:: - - [18/Feb/2025:13:43:57 +0500] "GET /des/myjs.js?0.2 HTTP/2.0" 200 801 "https://xn--d1abrdhdaqq.kz/?fbclid=IwZXh0bgNhZW0CMTEAAR0mjU7-ry-SSsPbcxLoUlIFAs2Sn7nttE-QjXEg3DnVRqpkCXLnkrbtHIY_aem_ugOofloVXEeNmoYINMlpNw" "Mozilla/5.0 (Linux; Android 10; K) AppleWebKit/537.36 (KHTML, like Gecko) Chrome/132.0.0.0 Mobile Safari/537.36"
2a03:2880:31ff:70:: - - [18/Feb/2025:13:43:57 +0500] "GET /des/fm.revealator.jquery.min.css HTTP/2.0" 200 641 "https://xn--d1abrdhdaqq.kz/?fbclid=IwZXh0bgNhZW0CMTEAAR2W5XVsAM06X6ElgG8J2xOlhZ1qO4vEC-leUJGbbbvS3jjxORCnjwRVBqY_aem__ZFGpWNgGpup_VD9GAZ5cg" "Mozilla/5.0 (Windows NT 10.0; Win64; x64) AppleWebKit/537.36 (KHTML, like Gecko) Chrome/130.0.0.0 Safari/537.36"
2a03:2880:31ff:40:: - - [18/Feb/2025:13:43:57 +0500] "GET /hyst/visual/main.js?0.2 HTTP/2.0" 200 6028 "https://xn--d1abrdhdaqq.kz/?fbclid=IwZXh0bgNhZW0CMTEAAR2W5XVsAM06X6ElgG8J2xOlhZ1qO4vEC-leUJGbbbvS3jjxORCnjwRVBqY_aem__ZFGpWNgGpup_VD9GAZ5cg" "Mozilla/5.0 (Windows NT 10.0; Win64; x64) AppleWebKit/537.36 (KHTML, like Gecko) Chrome/130.0.0.0 Safari/537.36"
2a03:2880:31ff:4c:: - - [18/Feb/2025:13:43:57 +0500] "GET /hyst/visual/jquery-ui.js HTTP/2.0" 200 62070 "https://xn--d1abrdhdaqq.kz/?fbclid=IwZXh0bgNhZW0CMTEAAR2W5XVsAM06X6ElgG8J2xOlhZ1qO4vEC-leUJGbbbvS3jjxORCnjwRVBqY_aem__ZFGpWNgGpup_VD9GAZ5cg" "Mozilla/5.0 (Windows NT 10.0; Win64; x64) AppleWebKit/537.36 (KHTML, like Gecko) Chrome/130.0.0.0 Safari/537.36"
2a03:2880:31ff:70:: - - [18/Feb/2025:13:43:57 +0500] "GET /des/myjs.js?0.2 HTTP/2.0" 200 801 "https://xn--d1abrdhdaqq.kz/?fbclid=IwZXh0bgNhZW0CMTEAAR2W5XVsAM06X6ElgG8J2xOlhZ1qO4vEC-leUJGbbbvS3jjxORCnjwRVBqY_aem__ZFGpWNgGpup_VD9GAZ5cg" "Mozilla/5.0 (Windows NT 10.0; Win64; x64) AppleWebKit/537.36 (KHTML, like Gecko) Chrome/130.0.0.0 Safari/537.36"
2a03:2880:31ff:40:: - - [18/Feb/2025:13:43:57 +0500] "GET /des/fm.revealator.jquery.js HTTP/2.0" 200 1462 "https://xn--d1abrdhdaqq.kz/?fbclid=IwZXh0bgNhZW0CMTEAAR2W5XVsAM06X6ElgG8J2xOlhZ1qO4vEC-leUJGbbbvS3jjxORCnjwRVBqY_aem__ZFGpWNgGpup_VD9GAZ5cg" "Mozilla/5.0 (Windows NT 10.0; Win64; x64) AppleWebKit/537.36 (KHTML, like Gecko) Chrome/130.0.0.0 Safari/537.36"
2a03:2880:ff:a:: - - [18/Feb/2025:13:43:57 +0500] "GET /des/fm.revealator.jquery.js HTTP/2.0" 200 1462 "https://xn--d1abrdhdaqq.kz/?fbclid=IwZXh0bgNhZW0CMTEAAR0mjU7-ry-SSsPbcxLoUlIFAs2Sn7nttE-QjXEg3DnVRqpkCXLnkrbtHIY_aem_ugOofloVXEeNmoYINMlpNw" "Mozilla/5.0 (Linux; Android 10; K) AppleWebKit/537.36 (KHTML, like Gecko) Chrome/132.0.0.0 Mobile Safari/537.36"
2a03:2880:31ff:4c:: - - [18/Feb/2025:13:43:57 +0500] "GET /img/logo.jpg HTTP/2.0" 200 7958 "https://xn--d1abrdhdaqq.kz/css.css?0.2" "Mozilla/5.0 (Windows NT 10.0; Win64; x64) AppleWebKit/537.36 (KHTML, like Gecko) Chrome/130.0.0.0 Safari/537.36"
2a03:2880:ff:7:: - - [18/Feb/2025:13:43:58 +0500] "GET /img/mmenu.png HTTP/2.0" 200 3382 "https://xn--d1abrdhdaqq.kz/css.css?0.2" "Mozilla/5.0 (Linux; Android 10; K) AppleWebKit/537.36 (KHTML, like Gecko) Chrome/132.0.0.0 Mobile Safari/537.36"
2a03:2880:ff:a:: - - [18/Feb/2025:13:43:58 +0500] "GET /img/logo.jpg HTTP/2.0" 200 7958 "https://xn--d1abrdhdaqq.kz/css.css?0.2" "Mozilla/5.0 (Linux; Android 10; K) AppleWebKit/537.36 (KHTML, like Gecko) Chrome/132.0.0.0 Mobile Safari/537.36"
2a03:2880:31ff:4c:: - - [18/Feb/2025:13:43:58 +0500] "GET /des/roboto.ttf HTTP/2.0" 200 158604 "https://xn--d1abrdhdaqq.kz/css.css?0.2" "Mozilla/5.0 (Windows NT 10.0; Win64; x64) AppleWebKit/537.36 (KHTML, like Gecko) Chrome/130.0.0.0 Safari/537.36"
2a03:2880:31ff:4c:: - - [18/Feb/2025:13:43:58 +0500] "GET /des/robotob.ttf HTTP/2.0" 200 164936 "https://xn--d1abrdhdaqq.kz/css.css?0.2" "Mozilla/5.0 (Windows NT 10.0; Win64; x64) AppleWebKit/537.36 (KHTML, like Gecko) Chrome/130.0.0.0 Safari/537.36"
2a03:2880:ff:7:: - - [18/Feb/2025:13:43:58 +0500] "GET /des/robotob.ttf HTTP/2.0" 200 164936 "https://xn--d1abrdhdaqq.kz/css.css?0.2" "Mozilla/5.0 (Linux; Android 10; K) AppleWebKit/537.36 (KHTML, like Gecko) Chrome/132.0.0.0 Mobile Safari/537.36"
2a03:2880:31ff:40:: - - [18/Feb/2025:13:43:58 +0500] "GET /cms_img/2024-12/1733405116_6751a9bc123b5.png HTTP/2.0" 200 3447769 "https://xn--d1abrdhdaqq.kz/?fbclid=IwZXh0bgNhZW0CMTEAAR2W5XVsAM06X6ElgG8J2xOlhZ1qO4vEC-leUJGbbbvS3jjxORCnjwRVBqY_aem__ZFGpWNgGpup_VD9GAZ5cg" "Mozilla/5.0 (Windows NT 10.0; Win64; x64) AppleWebKit/537.36 (KHTML, like Gecko) Chrome/130.0.0.0 Safari/537.36"
2a03:2880:ff:a:: - - [18/Feb/2025:13:43:58 +0500] "GET /des/roboto.ttf HTTP/2.0" 200 158604 "https://xn--d1abrdhdaqq.kz/css.css?0.2" "Mozilla/5.0 (Linux; Android 10; K) AppleWebKit/537.36 (KHTML, like Gecko) Chrome/132.0.0.0 Mobile Safari/537.36"
2a03:2880:31ff:70:: - - [18/Feb/2025:13:43:58 +0500] "GET /cms_img/2024-12/1733405126_6751a9c62563a.png HTTP/2.0" 200 3565693 "https://xn--d1abrdhdaqq.kz/?fbclid=IwZXh0bgNhZW0CMTEAAR2W5XVsAM06X6ElgG8J2xOlhZ1qO4vEC-leUJGbbbvS3jjxORCnjwRVBqY_aem__ZFGpWNgGpup_VD9GAZ5cg" "Mozilla/5.0 (Windows NT 10.0; Win64; x64) AppleWebKit/537.36 (KHTML, like Gecko) Chrome/130.0.0.0 Safari/537.36"
2a03:2880:31ff:4c:: - - [18/Feb/2025:13:43:58 +0500] "GET /cms_img/2024-12/1733405145_6751a9d992e36.png HTTP/2.0" 200 3503649 "https://xn--d1abrdhdaqq.kz/?fbclid=IwZXh0bgNhZW0CMTEAAR2W5XVsAM06X6ElgG8J2xOlhZ1qO4vEC-leUJGbbbvS3jjxORCnjwRVBqY_aem__ZFGpWNgGpup_VD9GAZ5cg" "Mozilla/5.0 (Windows NT 10.0; Win64; x64) AppleWebKit/537.36 (KHTML, like Gecko) Chrome/130.0.0.0 Safari/537.36"
2a03:2880:31ff:40:: - - [18/Feb/2025:13:43:58 +0500] "GET /cms_img/2024-12/1733380952_67514b584a110.jpeg HTTP/2.0" 200 160482 "https://xn--d1abrdhdaqq.kz/?fbclid=IwZXh0bgNhZW0CMTEAAR2W5XVsAM06X6ElgG8J2xOlhZ1qO4vEC-leUJGbbbvS3jjxORCnjwRVBqY_aem__ZFGpWNgGpup_VD9GAZ5cg" "Mozilla/5.0 (Windows NT 10.0; Win64; x64) AppleWebKit/537.36 (KHTML, like Gecko) Chrome/130.0.0.0 Safari/537.36"
2a03:2880:31ff:40:: - - [18/Feb/2025:13:43:58 +0500] "GET /img/forbg.png HTTP/2.0" 200 56932 "https://xn--d1abrdhdaqq.kz/css.css?0.2" "Mozilla/5.0 (Windows NT 10.0; Win64; x64) AppleWebKit/537.36 (KHTML, like Gecko) Chrome/130.0.0.0 Safari/537.36"
2a03:2880:31ff:4c:: - - [18/Feb/2025:13:43:58 +0500] "GET /img/sertch.png HTTP/2.0" 200 2164 "https://xn--d1abrdhdaqq.kz/css.css?0.2" "Mozilla/5.0 (Windows NT 10.0; Win64; x64) AppleWebKit/537.36 (KHTML, like Gecko) Chrome/130.0.0.0 Safari/537.36"
2a03:2880:31ff:70:: - - [18/Feb/2025:13:43:58 +0500] "GET /img/whitebg.jpg HTTP/2.0" 200 2035 "https://xn--d1abrdhdaqq.kz/css.css?0.2" "Mozilla/5.0 (Windows NT 10.0; Win64; x64) AppleWebKit/537.36 (KHTML, like Gecko) Chrome/130.0.0.0 Safari/537.36"
2a03:2880:31ff:40:: - - [18/Feb/2025:13:43:58 +0500] "GET /cms_img/2024-12/1733465733_675296853dfe4.png HTTP/2.0" 200 683903 "https://xn--d1abrdhdaqq.kz/?fbclid=IwZXh0bgNhZW0CMTEAAR2W5XVsAM06X6ElgG8J2xOlhZ1qO4vEC-leUJGbbbvS3jjxORCnjwRVBqY_aem__ZFGpWNgGpup_VD9GAZ5cg" "Mozilla/5.0 (Windows NT 10.0; Win64; x64) AppleWebKit/537.36 (KHTML, like Gecko) Chrome/130.0.0.0 Safari/537.36"
2a03:2880:ff:1:: - - [18/Feb/2025:13:43:58 +0500] "GET /cms_img/2024-12/1733405116_6751a9bc123b5.png HTTP/2.0" 200 3447769 "https://xn--d1abrdhdaqq.kz/?fbclid=IwZXh0bgNhZW0CMTEAAR0mjU7-ry-SSsPbcxLoUlIFAs2Sn7nttE-QjXEg3DnVRqpkCXLnkrbtHIY_aem_ugOofloVXEeNmoYINMlpNw" "Mozilla/5.0 (Linux; Android 10; K) AppleWebKit/537.36 (KHTML, like Gecko) Chrome/132.0.0.0 Mobile Safari/537.36"
2a03:2880:ff:7:: - - [18/Feb/2025:13:43:59 +0500] "GET /cms_img/2024-12/1733405126_6751a9c62563a.png HTTP/2.0" 200 3565693 "https://xn--d1abrdhdaqq.kz/?fbclid=IwZXh0bgNhZW0CMTEAAR0mjU7-ry-SSsPbcxLoUlIFAs2Sn7nttE-QjXEg3DnVRqpkCXLnkrbtHIY_aem_ugOofloVXEeNmoYINMlpNw" "Mozilla/5.0 (Linux; Android 10; K) AppleWebKit/537.36 (KHTML, like Gecko) Chrome/132.0.0.0 Mobile Safari/537.36"
2a03:2880:31ff:70:: - - [18/Feb/2025:13:43:59 +0500] "GET /cms_img/2024-12/1734494921_67624ac926267.png HTTP/2.0" 200 669320 "https://xn--d1abrdhdaqq.kz/?fbclid=IwZXh0bgNhZW0CMTEAAR2W5XVsAM06X6ElgG8J2xOlhZ1qO4vEC-leUJGbbbvS3jjxORCnjwRVBqY_aem__ZFGpWNgGpup_VD9GAZ5cg" "Mozilla/5.0 (Windows NT 10.0; Win64; x64) AppleWebKit/537.36 (KHTML, like Gecko) Chrome/130.0.0.0 Safari/537.36"
2a03:2880:31ff:4c:: - - [18/Feb/2025:13:43:59 +0500] "GET /cms_img/2024-12/1734494986_67624b0a8bcd3.png HTTP/2.0" 200 727362 "https://xn--d1abrdhdaqq.kz/?fbclid=IwZXh0bgNhZW0CMTEAAR2W5XVsAM06X6ElgG8J2xOlhZ1qO4vEC-leUJGbbbvS3jjxORCnjwRVBqY_aem__ZFGpWNgGpup_VD9GAZ5cg" "Mozilla/5.0 (Windows NT 10.0; Win64; x64) AppleWebKit/537.36 (KHTML, like Gecko) Chrome/130.0.0.0 Safari/537.36"
2a03:2880:31ff:40:: - - [18/Feb/2025:13:43:59 +0500] "GET /cms_img/2024-12/1733465406_6752953eb0375.png HTTP/2.0" 200 657648 "https://xn--d1abrdhdaqq.kz/?fbclid=IwZXh0bgNhZW0CMTEAAR2W5XVsAM06X6ElgG8J2xOlhZ1qO4vEC-leUJGbbbvS3jjxORCnjwRVBqY_aem__ZFGpWNgGpup_VD9GAZ5cg" "Mozilla/5.0 (Windows NT 10.0; Win64; x64) AppleWebKit/537.36 (KHTML, like Gecko) Chrome/130.0.0.0 Safari/537.36"
2a03:2880:31ff:4c:: - - [18/Feb/2025:13:43:59 +0500] "GET /img/redbg.png HTTP/2.0" 200 3199 "https://xn--d1abrdhdaqq.kz/css.css?0.2" "Mozilla/5.0 (Windows NT 10.0; Win64; x64) AppleWebKit/537.36 (KHTML, like Gecko) Chrome/130.0.0.0 Safari/537.36"
2a03:2880:31ff:40:: - - [18/Feb/2025:13:43:59 +0500] "GET /img/footer.jpg HTTP/2.0" 200 152799 "https://xn--d1abrdhdaqq.kz/css.css?0.2" "Mozilla/5.0 (Windows NT 10.0; Win64; x64) AppleWebKit/537.36 (KHTML, like Gecko) Chrome/130.0.0.0 Safari/537.36"
2a03:2880:31ff:70:: - - [18/Feb/2025:13:43:59 +0500] "GET /img/loc.png HTTP/2.0" 200 1014 "https://xn--d1abrdhdaqq.kz/?fbclid=IwZXh0bgNhZW0CMTEAAR2W5XVsAM06X6ElgG8J2xOlhZ1qO4vEC-leUJGbbbvS3jjxORCnjwRVBqY_aem__ZFGpWNgGpup_VD9GAZ5cg" "Mozilla/5.0 (Windows NT 10.0; Win64; x64) AppleWebKit/537.36 (KHTML, like Gecko) Chrome/130.0.0.0 Safari/537.36"
2a03:2880:ff:1:: - - [18/Feb/2025:13:43:59 +0500] "GET /img/whitebg.jpg HTTP/2.0" 200 2035 "https://xn--d1abrdhdaqq.kz/css.css?0.2" "Mozilla/5.0 (Linux; Android 10; K) AppleWebKit/537.36 (KHTML, like Gecko) Chrome/132.0.0.0 Mobile Safari/537.36"
2a03:2880:ff:7:: - - [18/Feb/2025:13:43:59 +0500] "GET /img/sertch.png HTTP/2.0" 200 2164 "https://xn--d1abrdhdaqq.kz/css.css?0.2" "Mozilla/5.0 (Linux; Android 10; K) AppleWebKit/537.36 (KHTML, like Gecko) Chrome/132.0.0.0 Mobile Safari/537.36"
2a03:2880:31ff:4c:: - - [18/Feb/2025:13:43:59 +0500] "GET /img/tel.png HTTP/2.0" 200 557 "https://xn--d1abrdhdaqq.kz/?fbclid=IwZXh0bgNhZW0CMTEAAR2W5XVsAM06X6ElgG8J2xOlhZ1qO4vEC-leUJGbbbvS3jjxORCnjwRVBqY_aem__ZFGpWNgGpup_VD9GAZ5cg" "Mozilla/5.0 (Windows NT 10.0; Win64; x64) AppleWebKit/537.36 (KHTML, like Gecko) Chrome/130.0.0.0 Safari/537.36"
2a03:2880:31ff:40:: - - [18/Feb/2025:13:43:59 +0500] "GET /img/wats.svg HTTP/2.0" 200 2405 "https://xn--d1abrdhdaqq.kz/?fbclid=IwZXh0bgNhZW0CMTEAAR2W5XVsAM06X6ElgG8J2xOlhZ1qO4vEC-leUJGbbbvS3jjxORCnjwRVBqY_aem__ZFGpWNgGpup_VD9GAZ5cg" "Mozilla/5.0 (Windows NT 10.0; Win64; x64) AppleWebKit/537.36 (KHTML, like Gecko) Chrome/130.0.0.0 Safari/537.36"
2a03:2880:31ff:70:: - - [18/Feb/2025:13:43:59 +0500] "GET /img/day.png HTTP/2.0" 200 1058 "https://xn--d1abrdhdaqq.kz/?fbclid=IwZXh0bgNhZW0CMTEAAR2W5XVsAM06X6ElgG8J2xOlhZ1qO4vEC-leUJGbbbvS3jjxORCnjwRVBqY_aem__ZFGpWNgGpup_VD9GAZ5cg" "Mozilla/5.0 (Windows NT 10.0; Win64; x64) AppleWebKit/537.36 (KHTML, like Gecko) Chrome/130.0.0.0 Safari/537.36"
2a03:2880:ff:a:: - - [18/Feb/2025:13:43:59 +0500] "GET /cms_img/2024-12/1733405145_6751a9d992e36.png HTTP/2.0" 200 3503649 "https://xn--d1abrdhdaqq.kz/?fbclid=IwZXh0bgNhZW0CMTEAAR0mjU7-ry-SSsPbcxLoUlIFAs2Sn7nttE-QjXEg3DnVRqpkCXLnkrbtHIY_aem_ugOofloVXEeNmoYINMlpNw" "Mozilla/5.0 (Linux; Android 10; K) AppleWebKit/537.36 (KHTML, like Gecko) Chrome/132.0.0.0 Mobile Safari/537.36"
2a03:2880:31ff:70:: - - [18/Feb/2025:13:43:59 +0500] "GET /favicon.ico?0.2 HTTP/2.0" 200 32988 "https://xn--d1abrdhdaqq.kz/?fbclid=IwZXh0bgNhZW0CMTEAAR2W5XVsAM06X6ElgG8J2xOlhZ1qO4vEC-leUJGbbbvS3jjxORCnjwRVBqY_aem__ZFGpWNgGpup_VD9GAZ5cg" "Mozilla/5.0 (Windows NT 10.0; Win64; x64) AppleWebKit/537.36 (KHTML, like Gecko) Chrome/130.0.0.0 Safari/537.36"
2a03:2880:ff:1:: - - [18/Feb/2025:13:43:59 +0500] "GET /img/forbg.png HTTP/2.0" 200 56932 "https://xn--d1abrdhdaqq.kz/css.css?0.2" "Mozilla/5.0 (Linux; Android 10; K) AppleWebKit/537.36 (KHTML, like Gecko) Chrome/132.0.0.0 Mobile Safari/537.36"
2a03:2880:ff:7:: - - [18/Feb/2025:13:43:59 +0500] "GET /cms_img/2024-12/1733380952_67514b584a110.jpeg HTTP/2.0" 200 160482 "https://xn--d1abrdhdaqq.kz/?fbclid=IwZXh0bgNhZW0CMTEAAR0mjU7-ry-SSsPbcxLoUlIFAs2Sn7nttE-QjXEg3DnVRqpkCXLnkrbtHIY_aem_ugOofloVXEeNmoYINMlpNw" "Mozilla/5.0 (Linux; Android 10; K) AppleWebKit/537.36 (KHTML, like Gecko) Chrome/132.0.0.0 Mobile Safari/537.36"
2a03:2880:ff:1:: - - [18/Feb/2025:13:44:00 +0500] "GET /cms_img/2024-12/1733465733_675296853dfe4.png HTTP/2.0" 200 683903 "https://xn--d1abrdhdaqq.kz/?fbclid=IwZXh0bgNhZW0CMTEAAR0mjU7-ry-SSsPbcxLoUlIFAs2Sn7nttE-QjXEg3DnVRqpkCXLnkrbtHIY_aem_ugOofloVXEeNmoYINMlpNw" "Mozilla/5.0 (Linux; Android 10; K) AppleWebKit/537.36 (KHTML, like Gecko) Chrome/132.0.0.0 Mobile Safari/537.36"
2a03:2880:ff:7:: - - [18/Feb/2025:13:44:00 +0500] "GET /cms_img/2024-12/1733465406_6752953eb0375.png HTTP/2.0" 200 657648 "https://xn--d1abrdhdaqq.kz/?fbclid=IwZXh0bgNhZW0CMTEAAR0mjU7-ry-SSsPbcxLoUlIFAs2Sn7nttE-QjXEg3DnVRqpkCXLnkrbtHIY_aem_ugOofloVXEeNmoYINMlpNw" "Mozilla/5.0 (Linux; Android 10; K) AppleWebKit/537.36 (KHTML, like Gecko) Chrome/132.0.0.0 Mobile Safari/537.36"
2a03:2880:ff:1:: - - [18/Feb/2025:13:44:00 +0500] "GET /cms_img/2024-12/1734494986_67624b0a8bcd3.png HTTP/2.0" 200 727362 "https://xn--d1abrdhdaqq.kz/?fbclid=IwZXh0bgNhZW0CMTEAAR0mjU7-ry-SSsPbcxLoUlIFAs2Sn7nttE-QjXEg3DnVRqpkCXLnkrbtHIY_aem_ugOofloVXEeNmoYINMlpNw" "Mozilla/5.0 (Linux; Android 10; K) AppleWebKit/537.36 (KHTML, like Gecko) Chrome/132.0.0.0 Mobile Safari/537.36"
2a03:2880:ff:7:: - - [18/Feb/2025:13:44:00 +0500] "GET /cms_img/2024-12/1734494921_67624ac926267.png HTTP/2.0" 200 669320 "https://xn--d1abrdhdaqq.kz/?fbclid=IwZXh0bgNhZW0CMTEAAR0mjU7-ry-SSsPbcxLoUlIFAs2Sn7nttE-QjXEg3DnVRqpkCXLnkrbtHIY_aem_ugOofloVXEeNmoYINMlpNw" "Mozilla/5.0 (Linux; Android 10; K) AppleWebKit/537.36 (KHTML, like Gecko) Chrome/132.0.0.0 Mobile Safari/537.36"
2a03:2880:ff:a:: - - [18/Feb/2025:13:44:00 +0500] "GET /img/redbg.png HTTP/2.0" 200 3199 "https://xn--d1abrdhdaqq.kz/css.css?0.2" "Mozilla/5.0 (Linux; Android 10; K) AppleWebKit/537.36 (KHTML, like Gecko) Chrome/132.0.0.0 Mobile Safari/537.36"
2a03:2880:ff:7:: - - [18/Feb/2025:13:44:00 +0500] "GET /img/footer.jpg HTTP/2.0" 200 152799 "https://xn--d1abrdhdaqq.kz/css.css?0.2" "Mozilla/5.0 (Linux; Android 10; K) AppleWebKit/537.36 (KHTML, like Gecko) Chrome/132.0.0.0 Mobile Safari/537.36"
2a03:2880:ff:a:: - - [18/Feb/2025:13:44:00 +0500] "GET /img/loc.png HTTP/2.0" 200 1014 "https://xn--d1abrdhdaqq.kz/?fbclid=IwZXh0bgNhZW0CMTEAAR0mjU7-ry-SSsPbcxLoUlIFAs2Sn7nttE-QjXEg3DnVRqpkCXLnkrbtHIY_aem_ugOofloVXEeNmoYINMlpNw" "Mozilla/5.0 (Linux; Android 10; K) AppleWebKit/537.36 (KHTML, like Gecko) Chrome/132.0.0.0 Mobile Safari/537.36"
2a03:2880:ff:1:: - - [18/Feb/2025:13:44:00 +0500] "GET /img/tel.png HTTP/2.0" 200 557 "https://xn--d1abrdhdaqq.kz/?fbclid=IwZXh0bgNhZW0CMTEAAR0mjU7-ry-SSsPbcxLoUlIFAs2Sn7nttE-QjXEg3DnVRqpkCXLnkrbtHIY_aem_ugOofloVXEeNmoYINMlpNw" "Mozilla/5.0 (Linux; Android 10; K) AppleWebKit/537.36 (KHTML, like Gecko) Chrome/132.0.0.0 Mobile Safari/537.36"
2a03:2880:ff:7:: - - [18/Feb/2025:13:44:01 +0500] "GET /img/wats.svg HTTP/2.0" 200 2405 "https://xn--d1abrdhdaqq.kz/?fbclid=IwZXh0bgNhZW0CMTEAAR0mjU7-ry-SSsPbcxLoUlIFAs2Sn7nttE-QjXEg3DnVRqpkCXLnkrbtHIY_aem_ugOofloVXEeNmoYINMlpNw" "Mozilla/5.0 (Linux; Android 10; K) AppleWebKit/537.36 (KHTML, like Gecko) Chrome/132.0.0.0 Mobile Safari/537.36"
2a03:2880:ff:a:: - - [18/Feb/2025:13:44:01 +0500] "GET /img/day.png HTTP/2.0" 200 1058 "https://xn--d1abrdhdaqq.kz/?fbclid=IwZXh0bgNhZW0CMTEAAR0mjU7-ry-SSsPbcxLoUlIFAs2Sn7nttE-QjXEg3DnVRqpkCXLnkrbtHIY_aem_ugOofloVXEeNmoYINMlpNw" "Mozilla/5.0 (Linux; Android 10; K) AppleWebKit/537.36 (KHTML, like Gecko) Chrome/132.0.0.0 Mobile Safari/537.36"
2a03:2880:21ff:d:: - - [18/Feb/2025:13:44:03 +0500] "GET /hyst/visual/admin.css?0.2 HTTP/2.0" 200 3332 "https://xn--d1abrdhdaqq.kz/?fbclid=IwZXh0bgNhZW0CMTEAAR0rLYz3v-yNk0jP4XK4yFrtvqpWHsKa5_7qnTDgwW8ZhceuER2EvkBVgD8_aem_P9W79EZlRKEiE_Mf3rUz6w" "Mozilla/5.0 (Linux; Android 10; K) AppleWebKit/537.36 (KHTML, like Gecko) Chrome/133.0.0.0 Mobile Safari/537.36"
2a03:2880:21ff:d:: - - [18/Feb/2025:13:44:03 +0500] "GET /hyst/visual/jquery.js HTTP/2.0" 200 29596 "https://xn--d1abrdhdaqq.kz/?fbclid=IwZXh0bgNhZW0CMTEAAR0rLYz3v-yNk0jP4XK4yFrtvqpWHsKa5_7qnTDgwW8ZhceuER2EvkBVgD8_aem_P9W79EZlRKEiE_Mf3rUz6w" "Mozilla/5.0 (Linux; Android 10; K) AppleWebKit/537.36 (KHTML, like Gecko) Chrome/133.0.0.0 Mobile Safari/537.36"
2a03:2880:21ff:43:: - - [18/Feb/2025:13:44:04 +0500] "GET /hyst/visual/admin_mob.css?0.2 HTTP/2.0" 200 269 "https://xn--d1abrdhdaqq.kz/?fbclid=IwZXh0bgNhZW0CMTEAAR0rLYz3v-yNk0jP4XK4yFrtvqpWHsKa5_7qnTDgwW8ZhceuER2EvkBVgD8_aem_P9W79EZlRKEiE_Mf3rUz6w" "Mozilla/5.0 (Linux; Android 10; K) AppleWebKit/537.36 (KHTML, like Gecko) Chrome/133.0.0.0 Mobile Safari/537.36"
2a03:2880:21ff:70:: - - [18/Feb/2025:13:44:04 +0500] "GET /css.css?0.2 HTTP/2.0" 200 2652 "https://xn--d1abrdhdaqq.kz/?fbclid=IwZXh0bgNhZW0CMTEAAR0rLYz3v-yNk0jP4XK4yFrtvqpWHsKa5_7qnTDgwW8ZhceuER2EvkBVgD8_aem_P9W79EZlRKEiE_Mf3rUz6w" "Mozilla/5.0 (Linux; Android 10; K) AppleWebKit/537.36 (KHTML, like Gecko) Chrome/133.0.0.0 Mobile Safari/537.36"
2a03:2880:21ff:d:: - - [18/Feb/2025:13:44:04 +0500] "GET /tab.css?0.2 HTTP/2.0" 200 425 "https://xn--d1abrdhdaqq.kz/?fbclid=IwZXh0bgNhZW0CMTEAAR0rLYz3v-yNk0jP4XK4yFrtvqpWHsKa5_7qnTDgwW8ZhceuER2EvkBVgD8_aem_P9W79EZlRKEiE_Mf3rUz6w" "Mozilla/5.0 (Linux; Android 10; K) AppleWebKit/537.36 (KHTML, like Gecko) Chrome/133.0.0.0 Mobile Safari/537.36"
2a03:2880:21ff:43:: - - [18/Feb/2025:13:44:04 +0500] "GET /mob.css?0.2 HTTP/2.0" 200 602 "https://xn--d1abrdhdaqq.kz/?fbclid=IwZXh0bgNhZW0CMTEAAR0rLYz3v-yNk0jP4XK4yFrtvqpWHsKa5_7qnTDgwW8ZhceuER2EvkBVgD8_aem_P9W79EZlRKEiE_Mf3rUz6w" "Mozilla/5.0 (Linux; Android 10; K) AppleWebKit/537.36 (KHTML, like Gecko) Chrome/133.0.0.0 Mobile Safari/537.36"
2a03:2880:21ff:70:: - - [18/Feb/2025:13:44:04 +0500] "GET /des/fm.revealator.jquery.min.css HTTP/2.0" 200 641 "https://xn--d1abrdhdaqq.kz/?fbclid=IwZXh0bgNhZW0CMTEAAR0rLYz3v-yNk0jP4XK4yFrtvqpWHsKa5_7qnTDgwW8ZhceuER2EvkBVgD8_aem_P9W79EZlRKEiE_Mf3rUz6w" "Mozilla/5.0 (Linux; Android 10; K) AppleWebKit/537.36 (KHTML, like Gecko) Chrome/133.0.0.0 Mobile Safari/537.36"
2a03:2880:21ff:43:: - - [18/Feb/2025:13:44:04 +0500] "GET /hyst/visual/main.js?0.2 HTTP/2.0" 200 6028 "https://xn--d1abrdhdaqq.kz/?fbclid=IwZXh0bgNhZW0CMTEAAR0rLYz3v-yNk0jP4XK4yFrtvqpWHsKa5_7qnTDgwW8ZhceuER2EvkBVgD8_aem_P9W79EZlRKEiE_Mf3rUz6w" "Mozilla/5.0 (Linux; Android 10; K) AppleWebKit/537.36 (KHTML, like Gecko) Chrome/133.0.0.0 Mobile Safari/537.36"
2a03:2880:21ff:70:: - - [18/Feb/2025:13:44:04 +0500] "GET /des/myjs.js?0.2 HTTP/2.0" 200 801 "https://xn--d1abrdhdaqq.kz/?fbclid=IwZXh0bgNhZW0CMTEAAR0rLYz3v-yNk0jP4XK4yFrtvqpWHsKa5_7qnTDgwW8ZhceuER2EvkBVgD8_aem_P9W79EZlRKEiE_Mf3rUz6w" "Mozilla/5.0 (Linux; Android 10; K) AppleWebKit/537.36 (KHTML, like Gecko) Chrome/133.0.0.0 Mobile Safari/537.36"
2a03:2880:21ff:d:: - - [18/Feb/2025:13:44:04 +0500] "GET /hyst/visual/jquery-ui.js HTTP/2.0" 200 62070 "https://xn--d1abrdhdaqq.kz/?fbclid=IwZXh0bgNhZW0CMTEAAR0rLYz3v-yNk0jP4XK4yFrtvqpWHsKa5_7qnTDgwW8ZhceuER2EvkBVgD8_aem_P9W79EZlRKEiE_Mf3rUz6w" "Mozilla/5.0 (Linux; Android 10; K) AppleWebKit/537.36 (KHTML, like Gecko) Chrome/133.0.0.0 Mobile Safari/537.36"
2a03:2880:21ff:70:: - - [18/Feb/2025:13:44:05 +0500] "GET /des/fm.revealator.jquery.js HTTP/2.0" 200 1462 "https://xn--d1abrdhdaqq.kz/?fbclid=IwZXh0bgNhZW0CMTEAAR0rLYz3v-yNk0jP4XK4yFrtvqpWHsKa5_7qnTDgwW8ZhceuER2EvkBVgD8_aem_P9W79EZlRKEiE_Mf3rUz6w" "Mozilla/5.0 (Linux; Android 10; K) AppleWebKit/537.36 (KHTML, like Gecko) Chrome/133.0.0.0 Mobile Safari/537.36"
2a03:2880:21ff:70:: - - [18/Feb/2025:13:44:05 +0500] "GET /img/logo.jpg HTTP/2.0" 200 7958 "https://xn--d1abrdhdaqq.kz/css.css?0.2" "Mozilla/5.0 (Linux; Android 10; K) AppleWebKit/537.36 (KHTML, like Gecko) Chrome/133.0.0.0 Mobile Safari/537.36"
2a03:2880:21ff:70:: - - [18/Feb/2025:13:44:05 +0500] "GET /des/roboto.ttf HTTP/2.0" 200 158604 "https://xn--d1abrdhdaqq.kz/css.css?0.2" "Mozilla/5.0 (Linux; Android 10; K) AppleWebKit/537.36 (KHTML, like Gecko) Chrome/133.0.0.0 Mobile Safari/537.36"
2a03:2880:21ff:d:: - - [18/Feb/2025:13:44:06 +0500] "GET /cms_img/2024-12/1733405116_6751a9bc123b5.png HTTP/2.0" 200 3447769 "https://xn--d1abrdhdaqq.kz/?fbclid=IwZXh0bgNhZW0CMTEAAR0rLYz3v-yNk0jP4XK4yFrtvqpWHsKa5_7qnTDgwW8ZhceuER2EvkBVgD8_aem_P9W79EZlRKEiE_Mf3rUz6w" "Mozilla/5.0 (Linux; Android 10; K) AppleWebKit/537.36 (KHTML, like Gecko) Chrome/133.0.0.0 Mobile Safari/537.36"
2a03:2880:21ff:43:: - - [18/Feb/2025:13:44:06 +0500] "GET /cms_img/2024-12/1733405126_6751a9c62563a.png HTTP/2.0" 200 3565693 "https://xn--d1abrdhdaqq.kz/?fbclid=IwZXh0bgNhZW0CMTEAAR0rLYz3v-yNk0jP4XK4yFrtvqpWHsKa5_7qnTDgwW8ZhceuER2EvkBVgD8_aem_P9W79EZlRKEiE_Mf3rUz6w" "Mozilla/5.0 (Linux; Android 10; K) AppleWebKit/537.36 (KHTML, like Gecko) Chrome/133.0.0.0 Mobile Safari/537.36"
2a03:2880:21ff:70:: - - [18/Feb/2025:13:44:06 +0500] "GET /des/robotob.ttf HTTP/2.0" 200 164936 "https://xn--d1abrdhdaqq.kz/css.css?0.2" "Mozilla/5.0 (Linux; Android 10; K) AppleWebKit/537.36 (KHTML, like Gecko) Chrome/133.0.0.0 Mobile Safari/537.36"
2a03:2880:21ff:70:: - - [18/Feb/2025:13:44:07 +0500] "GET /cms_img/2024-12/1733405145_6751a9d992e36.png HTTP/2.0" 200 3503649 "https://xn--d1abrdhdaqq.kz/?fbclid=IwZXh0bgNhZW0CMTEAAR0rLYz3v-yNk0jP4XK4yFrtvqpWHsKa5_7qnTDgwW8ZhceuER2EvkBVgD8_aem_P9W79EZlRKEiE_Mf3rUz6w" "Mozilla/5.0 (Linux; Android 10; K) AppleWebKit/537.36 (KHTML, like Gecko) Chrome/133.0.0.0 Mobile Safari/537.36"
2a03:2880:21ff:43:: - - [18/Feb/2025:13:44:07 +0500] "GET /cms_img/2024-12/1733380952_67514b584a110.jpeg HTTP/2.0" 200 160482 "https://xn--d1abrdhdaqq.kz/?fbclid=IwZXh0bgNhZW0CMTEAAR0rLYz3v-yNk0jP4XK4yFrtvqpWHsKa5_7qnTDgwW8ZhceuER2EvkBVgD8_aem_P9W79EZlRKEiE_Mf3rUz6w" "Mozilla/5.0 (Linux; Android 10; K) AppleWebKit/537.36 (KHTML, like Gecko) Chrome/133.0.0.0 Mobile Safari/537.36"
2a03:2880:21ff:43:: - - [18/Feb/2025:13:44:08 +0500] "GET /img/forbg.png HTTP/2.0" 200 56932 "https://xn--d1abrdhdaqq.kz/css.css?0.2" "Mozilla/5.0 (Linux; Android 10; K) AppleWebKit/537.36 (KHTML, like Gecko) Chrome/133.0.0.0 Mobile Safari/537.36"
2a03:2880:21ff:43:: - - [18/Feb/2025:13:44:08 +0500] "GET /img/whitebg.jpg HTTP/2.0" 200 2035 "https://xn--d1abrdhdaqq.kz/css.css?0.2" "Mozilla/5.0 (Linux; Android 10; K) AppleWebKit/537.36 (KHTML, like Gecko) Chrome/133.0.0.0 Mobile Safari/537.36"
2a03:2880:21ff:43:: - - [18/Feb/2025:13:44:08 +0500] "GET /img/sertch.png HTTP/2.0" 200 2164 "https://xn--d1abrdhdaqq.kz/css.css?0.2" "Mozilla/5.0 (Linux; Android 10; K) AppleWebKit/537.36 (KHTML, like Gecko) Chrome/133.0.0.0 Mobile Safari/537.36"
2a03:2880:21ff:43:: - - [18/Feb/2025:13:44:08 +0500] "GET /cms_img/2024-12/1733465733_675296853dfe4.png HTTP/2.0" 200 683903 "https://xn--d1abrdhdaqq.kz/?fbclid=IwZXh0bgNhZW0CMTEAAR0rLYz3v-yNk0jP4XK4yFrtvqpWHsKa5_7qnTDgwW8ZhceuER2EvkBVgD8_aem_P9W79EZlRKEiE_Mf3rUz6w" "Mozilla/5.0 (Linux; Android 10; K) AppleWebKit/537.36 (KHTML, like Gecko) Chrome/133.0.0.0 Mobile Safari/537.36"
2a03:2880:21ff:70:: - - [18/Feb/2025:13:44:09 +0500] "GET /cms_img/2024-12/1733465406_6752953eb0375.png HTTP/2.0" 200 657648 "https://xn--d1abrdhdaqq.kz/?fbclid=IwZXh0bgNhZW0CMTEAAR0rLYz3v-yNk0jP4XK4yFrtvqpWHsKa5_7qnTDgwW8ZhceuER2EvkBVgD8_aem_P9W79EZlRKEiE_Mf3rUz6w" "Mozilla/5.0 (Linux; Android 10; K) AppleWebKit/537.36 (KHTML, like Gecko) Chrome/133.0.0.0 Mobile Safari/537.36"
2a03:2880:21ff:43:: - - [18/Feb/2025:13:44:09 +0500] "GET /cms_img/2024-12/1734494986_67624b0a8bcd3.png HTTP/2.0" 200 727362 "https://xn--d1abrdhdaqq.kz/?fbclid=IwZXh0bgNhZW0CMTEAAR0rLYz3v-yNk0jP4XK4yFrtvqpWHsKa5_7qnTDgwW8ZhceuER2EvkBVgD8_aem_P9W79EZlRKEiE_Mf3rUz6w" "Mozilla/5.0 (Linux; Android 10; K) AppleWebKit/537.36 (KHTML, like Gecko) Chrome/133.0.0.0 Mobile Safari/537.36"
2a03:2880:21ff:d:: - - [18/Feb/2025:13:44:09 +0500] "GET /cms_img/2024-12/1734494921_67624ac926267.png HTTP/2.0" 200 669320 "https://xn--d1abrdhdaqq.kz/?fbclid=IwZXh0bgNhZW0CMTEAAR0rLYz3v-yNk0jP4XK4yFrtvqpWHsKa5_7qnTDgwW8ZhceuER2EvkBVgD8_aem_P9W79EZlRKEiE_Mf3rUz6w" "Mozilla/5.0 (Linux; Android 10; K) AppleWebKit/537.36 (KHTML, like Gecko) Chrome/133.0.0.0 Mobile Safari/537.36"
2a03:2880:21ff:43:: - - [18/Feb/2025:13:44:09 +0500] "GET /img/redbg.png HTTP/2.0" 200 3199 "https://xn--d1abrdhdaqq.kz/css.css?0.2" "Mozilla/5.0 (Linux; Android 10; K) AppleWebKit/537.36 (KHTML, like Gecko) Chrome/133.0.0.0 Mobile Safari/537.36"
2a03:2880:21ff:70:: - - [18/Feb/2025:13:44:09 +0500] "GET /img/footer.jpg HTTP/2.0" 200 152799 "https://xn--d1abrdhdaqq.kz/css.css?0.2" "Mozilla/5.0 (Linux; Android 10; K) AppleWebKit/537.36 (KHTML, like Gecko) Chrome/133.0.0.0 Mobile Safari/537.36"
2a03:2880:21ff:43:: - - [18/Feb/2025:13:44:09 +0500] "GET /img/loc.png HTTP/2.0" 200 1014 "https://xn--d1abrdhdaqq.kz/?fbclid=IwZXh0bgNhZW0CMTEAAR0rLYz3v-yNk0jP4XK4yFrtvqpWHsKa5_7qnTDgwW8ZhceuER2EvkBVgD8_aem_P9W79EZlRKEiE_Mf3rUz6w" "Mozilla/5.0 (Linux; Android 10; K) AppleWebKit/537.36 (KHTML, like Gecko) Chrome/133.0.0.0 Mobile Safari/537.36"
2a03:2880:21ff:70:: - - [18/Feb/2025:13:44:10 +0500] "GET /img/tel.png HTTP/2.0" 200 557 "https://xn--d1abrdhdaqq.kz/?fbclid=IwZXh0bgNhZW0CMTEAAR0rLYz3v-yNk0jP4XK4yFrtvqpWHsKa5_7qnTDgwW8ZhceuER2EvkBVgD8_aem_P9W79EZlRKEiE_Mf3rUz6w" "Mozilla/5.0 (Linux; Android 10; K) AppleWebKit/537.36 (KHTML, like Gecko) Chrome/133.0.0.0 Mobile Safari/537.36"
2a03:2880:21ff:43:: - - [18/Feb/2025:13:44:10 +0500] "GET /img/wats.svg HTTP/2.0" 200 2405 "https://xn--d1abrdhdaqq.kz/?fbclid=IwZXh0bgNhZW0CMTEAAR0rLYz3v-yNk0jP4XK4yFrtvqpWHsKa5_7qnTDgwW8ZhceuER2EvkBVgD8_aem_P9W79EZlRKEiE_Mf3rUz6w" "Mozilla/5.0 (Linux; Android 10; K) AppleWebKit/537.36 (KHTML, like Gecko) Chrome/133.0.0.0 Mobile Safari/537.36"
2a03:2880:21ff:70:: - - [18/Feb/2025:13:44:10 +0500] "GET /img/day.png HTTP/2.0" 200 1058 "https://xn--d1abrdhdaqq.kz/?fbclid=IwZXh0bgNhZW0CMTEAAR0rLYz3v-yNk0jP4XK4yFrtvqpWHsKa5_7qnTDgwW8ZhceuER2EvkBVgD8_aem_P9W79EZlRKEiE_Mf3rUz6w" "Mozilla/5.0 (Linux; Android 10; K) AppleWebKit/537.36 (KHTML, like Gecko) Chrome/133.0.0.0 Mobile Safari/537.36"
2a03:2880:13ff:40:: - - [18/Feb/2025:13:44:12 +0500] "GET /des/myjs.js?0.2 HTTP/2.0" 200 4109 "-" "facebookexternalhit/1.1 (+http://www.facebook.com/externalhit_uatext.php)"
2a03:2880:13ff:7:: - - [18/Feb/2025:13:44:12 +0500] "GET /des/fm.revealator.jquery.js HTTP/2.0" 200 5124 "-" "facebookexternalhit/1.1 (+http://www.facebook.com/externalhit_uatext.php)"
2a03:2880:13ff:c:: - - [18/Feb/2025:13:44:12 +0500] "GET /hyst/visual/main.js?0.2 HTTP/2.0" 200 31339 "-" "facebookexternalhit/1.1 (+http://www.facebook.com/externalhit_uatext.php)"
2a03:2880:13ff:40:: - - [18/Feb/2025:13:44:12 +0500] "GET /hyst/visual/jquery.js HTTP/2.0" 200 87533 "-" "facebookexternalhit/1.1 (+http://www.facebook.com/externalhit_uatext.php)"
2a03:2880:13ff:40:: - - [18/Feb/2025:13:44:12 +0500] "GET /hyst/visual/jquery-ui.js HTTP/2.0" 200 251699 "-" "facebookexternalhit/1.1 (+http://www.facebook.com/externalhit_uatext.php)"
2a0d:b201:1035:c58b:4ca7:1e4e:ebed:fa25 - - [18/Feb/2025:15:53:36 +0500] "GET /hyst/visual/admin.css?0.2 HTTP/2.0" 200 3332 "https://xn--d1abrdhdaqq.kz/?fbclid=PAZXh0bgNhZW0CMTEAAaZNC-GB6a8_4jCAtiUZQdPfRkpO_bdohdl4Y0-8ZMtMKmNaPcFbcGQUAaQ_aem_MWRG6dxyCbEh49XsUxds8A" "Mozilla/5.0 (iPhone; CPU iPhone OS 18_2 like Mac OS X) AppleWebKit/605.1.15 (KHTML, like Gecko) Mobile/22C152 Instagram 367.0.0.23.85 (iPhone14,2; iOS 18_2; ru_RU; ru; scale=3.00; 1170x2532; 695136484; IABMV/1)"
2a0d:b201:1035:c58b:4ca7:1e4e:ebed:fa25 - - [18/Feb/2025:15:53:36 +0500] "GET /hyst/visual/admin_mob.css?0.2 HTTP/2.0" 200 269 "https://xn--d1abrdhdaqq.kz/?fbclid=PAZXh0bgNhZW0CMTEAAaZNC-GB6a8_4jCAtiUZQdPfRkpO_bdohdl4Y0-8ZMtMKmNaPcFbcGQUAaQ_aem_MWRG6dxyCbEh49XsUxds8A" "Mozilla/5.0 (iPhone; CPU iPhone OS 18_2 like Mac OS X) AppleWebKit/605.1.15 (KHTML, like Gecko) Mobile/22C152 Instagram 367.0.0.23.85 (iPhone14,2; iOS 18_2; ru_RU; ru; scale=3.00; 1170x2532; 695136484; IABMV/1)"
2a0d:b201:1035:c58b:4ca7:1e4e:ebed:fa25 - - [18/Feb/2025:15:53:36 +0500] "GET /hyst/visual/main.js?0.2 HTTP/2.0" 200 6028 "https://xn--d1abrdhdaqq.kz/?fbclid=PAZXh0bgNhZW0CMTEAAaZNC-GB6a8_4jCAtiUZQdPfRkpO_bdohdl4Y0-8ZMtMKmNaPcFbcGQUAaQ_aem_MWRG6dxyCbEh49XsUxds8A" "Mozilla/5.0 (iPhone; CPU iPhone OS 18_2 like Mac OS X) AppleWebKit/605.1.15 (KHTML, like Gecko) Mobile/22C152 Instagram 367.0.0.23.85 (iPhone14,2; iOS 18_2; ru_RU; ru; scale=3.00; 1170x2532; 695136484; IABMV/1)"
2a0d:b201:1035:c58b:4ca7:1e4e:ebed:fa25 - - [18/Feb/2025:15:53:36 +0500] "GET /css.css?0.2 HTTP/2.0" 200 2652 "https://xn--d1abrdhdaqq.kz/?fbclid=PAZXh0bgNhZW0CMTEAAaZNC-GB6a8_4jCAtiUZQdPfRkpO_bdohdl4Y0-8ZMtMKmNaPcFbcGQUAaQ_aem_MWRG6dxyCbEh49XsUxds8A" "Mozilla/5.0 (iPhone; CPU iPhone OS 18_2 like Mac OS X) AppleWebKit/605.1.15 (KHTML, like Gecko) Mobile/22C152 Instagram 367.0.0.23.85 (iPhone14,2; iOS 18_2; ru_RU; ru; scale=3.00; 1170x2532; 695136484; IABMV/1)"
2a0d:b201:1035:c58b:4ca7:1e4e:ebed:fa25 - - [18/Feb/2025:15:53:36 +0500] "GET /tab.css?0.2 HTTP/2.0" 200 425 "https://xn--d1abrdhdaqq.kz/?fbclid=PAZXh0bgNhZW0CMTEAAaZNC-GB6a8_4jCAtiUZQdPfRkpO_bdohdl4Y0-8ZMtMKmNaPcFbcGQUAaQ_aem_MWRG6dxyCbEh49XsUxds8A" "Mozilla/5.0 (iPhone; CPU iPhone OS 18_2 like Mac OS X) AppleWebKit/605.1.15 (KHTML, like Gecko) Mobile/22C152 Instagram 367.0.0.23.85 (iPhone14,2; iOS 18_2; ru_RU; ru; scale=3.00; 1170x2532; 695136484; IABMV/1)"
2a0d:b201:1035:c58b:4ca7:1e4e:ebed:fa25 - - [18/Feb/2025:15:53:36 +0500] "GET /mob.css?0.2 HTTP/2.0" 200 602 "https://xn--d1abrdhdaqq.kz/?fbclid=PAZXh0bgNhZW0CMTEAAaZNC-GB6a8_4jCAtiUZQdPfRkpO_bdohdl4Y0-8ZMtMKmNaPcFbcGQUAaQ_aem_MWRG6dxyCbEh49XsUxds8A" "Mozilla/5.0 (iPhone; CPU iPhone OS 18_2 like Mac OS X) AppleWebKit/605.1.15 (KHTML, like Gecko) Mobile/22C152 Instagram 367.0.0.23.85 (iPhone14,2; iOS 18_2; ru_RU; ru; scale=3.00; 1170x2532; 695136484; IABMV/1)"
2a0d:b201:1035:c58b:4ca7:1e4e:ebed:fa25 - - [18/Feb/2025:15:53:36 +0500] "GET /des/myjs.js?0.2 HTTP/2.0" 200 801 "https://xn--d1abrdhdaqq.kz/?fbclid=PAZXh0bgNhZW0CMTEAAaZNC-GB6a8_4jCAtiUZQdPfRkpO_bdohdl4Y0-8ZMtMKmNaPcFbcGQUAaQ_aem_MWRG6dxyCbEh49XsUxds8A" "Mozilla/5.0 (iPhone; CPU iPhone OS 18_2 like Mac OS X) AppleWebKit/605.1.15 (KHTML, like Gecko) Mobile/22C152 Instagram 367.0.0.23.85 (iPhone14,2; iOS 18_2; ru_RU; ru; scale=3.00; 1170x2532; 695136484; IABMV/1)"
2a0d:b201:1035:c58b:4ca7:1e4e:ebed:fa25 - - [18/Feb/2025:15:53:36 +0500] "GET /des/fm.revealator.jquery.js HTTP/2.0" 200 1462 "https://xn--d1abrdhdaqq.kz/?fbclid=PAZXh0bgNhZW0CMTEAAaZNC-GB6a8_4jCAtiUZQdPfRkpO_bdohdl4Y0-8ZMtMKmNaPcFbcGQUAaQ_aem_MWRG6dxyCbEh49XsUxds8A" "Mozilla/5.0 (iPhone; CPU iPhone OS 18_2 like Mac OS X) AppleWebKit/605.1.15 (KHTML, like Gecko) Mobile/22C152 Instagram 367.0.0.23.85 (iPhone14,2; iOS 18_2; ru_RU; ru; scale=3.00; 1170x2532; 695136484; IABMV/1)"
2a0d:b201:1035:c58b:4ca7:1e4e:ebed:fa25 - - [18/Feb/2025:15:53:36 +0500] "GET /des/fm.revealator.jquery.min.css HTTP/2.0" 200 641 "https://xn--d1abrdhdaqq.kz/?fbclid=PAZXh0bgNhZW0CMTEAAaZNC-GB6a8_4jCAtiUZQdPfRkpO_bdohdl4Y0-8ZMtMKmNaPcFbcGQUAaQ_aem_MWRG6dxyCbEh49XsUxds8A" "Mozilla/5.0 (iPhone; CPU iPhone OS 18_2 like Mac OS X) AppleWebKit/605.1.15 (KHTML, like Gecko) Mobile/22C152 Instagram 367.0.0.23.85 (iPhone14,2; iOS 18_2; ru_RU; ru; scale=3.00; 1170x2532; 695136484; IABMV/1)"
2a0d:b201:1035:c58b:4ca7:1e4e:ebed:fa25 - - [18/Feb/2025:15:53:36 +0500] "GET /hyst/visual/jquery.js HTTP/2.0" 200 29596 "https://xn--d1abrdhdaqq.kz/?fbclid=PAZXh0bgNhZW0CMTEAAaZNC-GB6a8_4jCAtiUZQdPfRkpO_bdohdl4Y0-8ZMtMKmNaPcFbcGQUAaQ_aem_MWRG6dxyCbEh49XsUxds8A" "Mozilla/5.0 (iPhone; CPU iPhone OS 18_2 like Mac OS X) AppleWebKit/605.1.15 (KHTML, like Gecko) Mobile/22C152 Instagram 367.0.0.23.85 (iPhone14,2; iOS 18_2; ru_RU; ru; scale=3.00; 1170x2532; 695136484; IABMV/1)"
2a0d:b201:1035:c58b:4ca7:1e4e:ebed:fa25 - - [18/Feb/2025:15:53:36 +0500] "GET /hyst/visual/jquery-ui.js HTTP/2.0" 200 62070 "https://xn--d1abrdhdaqq.kz/?fbclid=PAZXh0bgNhZW0CMTEAAaZNC-GB6a8_4jCAtiUZQdPfRkpO_bdohdl4Y0-8ZMtMKmNaPcFbcGQUAaQ_aem_MWRG6dxyCbEh49XsUxds8A" "Mozilla/5.0 (iPhone; CPU iPhone OS 18_2 like Mac OS X) AppleWebKit/605.1.15 (KHTML, like Gecko) Mobile/22C152 Instagram 367.0.0.23.85 (iPhone14,2; iOS 18_2; ru_RU; ru; scale=3.00; 1170x2532; 695136484; IABMV/1)"
2a0d:b201:1035:c58b:4ca7:1e4e:ebed:fa25 - - [18/Feb/2025:15:53:36 +0500] "GET /img/logo.jpg HTTP/2.0" 200 7958 "https://xn--d1abrdhdaqq.kz/?fbclid=PAZXh0bgNhZW0CMTEAAaZNC-GB6a8_4jCAtiUZQdPfRkpO_bdohdl4Y0-8ZMtMKmNaPcFbcGQUAaQ_aem_MWRG6dxyCbEh49XsUxds8A" "Mozilla/5.0 (iPhone; CPU iPhone OS 18_2 like Mac OS X) AppleWebKit/605.1.15 (KHTML, like Gecko) Mobile/22C152 Instagram 367.0.0.23.85 (iPhone14,2; iOS 18_2; ru_RU; ru; scale=3.00; 1170x2532; 695136484; IABMV/1)"
2a0d:b201:1035:c58b:4ca7:1e4e:ebed:fa25 - - [18/Feb/2025:15:53:36 +0500] "GET /img/whitebg.jpg HTTP/2.0" 200 2035 "https://xn--d1abrdhdaqq.kz/?fbclid=PAZXh0bgNhZW0CMTEAAaZNC-GB6a8_4jCAtiUZQdPfRkpO_bdohdl4Y0-8ZMtMKmNaPcFbcGQUAaQ_aem_MWRG6dxyCbEh49XsUxds8A" "Mozilla/5.0 (iPhone; CPU iPhone OS 18_2 like Mac OS X) AppleWebKit/605.1.15 (KHTML, like Gecko) Mobile/22C152 Instagram 367.0.0.23.85 (iPhone14,2; iOS 18_2; ru_RU; ru; scale=3.00; 1170x2532; 695136484; IABMV/1)"
2a0d:b201:1035:c58b:4ca7:1e4e:ebed:fa25 - - [18/Feb/2025:15:53:36 +0500] "GET /img/mmenu.png HTTP/2.0" 200 3382 "https://xn--d1abrdhdaqq.kz/?fbclid=PAZXh0bgNhZW0CMTEAAaZNC-GB6a8_4jCAtiUZQdPfRkpO_bdohdl4Y0-8ZMtMKmNaPcFbcGQUAaQ_aem_MWRG6dxyCbEh49XsUxds8A" "Mozilla/5.0 (iPhone; CPU iPhone OS 18_2 like Mac OS X) AppleWebKit/605.1.15 (KHTML, like Gecko) Mobile/22C152 Instagram 367.0.0.23.85 (iPhone14,2; iOS 18_2; ru_RU; ru; scale=3.00; 1170x2532; 695136484; IABMV/1)"
2a0d:b201:1035:c58b:4ca7:1e4e:ebed:fa25 - - [18/Feb/2025:15:53:36 +0500] "GET /des/roboto.ttf HTTP/2.0" 200 158604 "https://xn--d1abrdhdaqq.kz/?fbclid=PAZXh0bgNhZW0CMTEAAaZNC-GB6a8_4jCAtiUZQdPfRkpO_bdohdl4Y0-8ZMtMKmNaPcFbcGQUAaQ_aem_MWRG6dxyCbEh49XsUxds8A" "Mozilla/5.0 (iPhone; CPU iPhone OS 18_2 like Mac OS X) AppleWebKit/605.1.15 (KHTML, like Gecko) Mobile/22C152 Instagram 367.0.0.23.85 (iPhone14,2; iOS 18_2; ru_RU; ru; scale=3.00; 1170x2532; 695136484; IABMV/1)"
2a0d:b201:1035:c58b:4ca7:1e4e:ebed:fa25 - - [18/Feb/2025:15:53:36 +0500] "GET /des/robotob.ttf HTTP/2.0" 200 164936 "https://xn--d1abrdhdaqq.kz/?fbclid=PAZXh0bgNhZW0CMTEAAaZNC-GB6a8_4jCAtiUZQdPfRkpO_bdohdl4Y0-8ZMtMKmNaPcFbcGQUAaQ_aem_MWRG6dxyCbEh49XsUxds8A" "Mozilla/5.0 (iPhone; CPU iPhone OS 18_2 like Mac OS X) AppleWebKit/605.1.15 (KHTML, like Gecko) Mobile/22C152 Instagram 367.0.0.23.85 (iPhone14,2; iOS 18_2; ru_RU; ru; scale=3.00; 1170x2532; 695136484; IABMV/1)"
2a0d:b201:1035:c58b:4ca7:1e4e:ebed:fa25 - - [18/Feb/2025:15:53:38 +0500] "GET /img/forbg.png HTTP/2.0" 200 56932 "https://xn--d1abrdhdaqq.kz/?fbclid=PAZXh0bgNhZW0CMTEAAaZNC-GB6a8_4jCAtiUZQdPfRkpO_bdohdl4Y0-8ZMtMKmNaPcFbcGQUAaQ_aem_MWRG6dxyCbEh49XsUxds8A" "Mozilla/5.0 (iPhone; CPU iPhone OS 18_2 like Mac OS X) AppleWebKit/605.1.15 (KHTML, like Gecko) Mobile/22C152 Instagram 367.0.0.23.85 (iPhone14,2; iOS 18_2; ru_RU; ru; scale=3.00; 1170x2532; 695136484; IABMV/1)"
2a0d:b201:1035:c58b:4ca7:1e4e:ebed:fa25 - - [18/Feb/2025:15:53:38 +0500] "GET /img/sertch.png HTTP/2.0" 200 2164 "https://xn--d1abrdhdaqq.kz/?fbclid=PAZXh0bgNhZW0CMTEAAaZNC-GB6a8_4jCAtiUZQdPfRkpO_bdohdl4Y0-8ZMtMKmNaPcFbcGQUAaQ_aem_MWRG6dxyCbEh49XsUxds8A" "Mozilla/5.0 (iPhone; CPU iPhone OS 18_2 like Mac OS X) AppleWebKit/605.1.15 (KHTML, like Gecko) Mobile/22C152 Instagram 367.0.0.23.85 (iPhone14,2; iOS 18_2; ru_RU; ru; scale=3.00; 1170x2532; 695136484; IABMV/1)"
2a0d:b201:1035:c58b:4ca7:1e4e:ebed:fa25 - - [18/Feb/2025:15:53:41 +0500] "GET /cms_img/2024-12/1733380952_67514b584a110.jpeg HTTP/2.0" 200 160482 "https://xn--d1abrdhdaqq.kz/?fbclid=PAZXh0bgNhZW0CMTEAAaZNC-GB6a8_4jCAtiUZQdPfRkpO_bdohdl4Y0-8ZMtMKmNaPcFbcGQUAaQ_aem_MWRG6dxyCbEh49XsUxds8A" "Mozilla/5.0 (iPhone; CPU iPhone OS 18_2 like Mac OS X) AppleWebKit/605.1.15 (KHTML, like Gecko) Mobile/22C152 Instagram 367.0.0.23.85 (iPhone14,2; iOS 18_2; ru_RU; ru; scale=3.00; 1170x2532; 695136484; IABMV/1)"
2a0d:b201:1035:c58b:4ca7:1e4e:ebed:fa25 - - [18/Feb/2025:15:53:47 +0500] "GET /img/redbg.png HTTP/2.0" 200 3199 "https://xn--d1abrdhdaqq.kz/?fbclid=PAZXh0bgNhZW0CMTEAAaZNC-GB6a8_4jCAtiUZQdPfRkpO_bdohdl4Y0-8ZMtMKmNaPcFbcGQUAaQ_aem_MWRG6dxyCbEh49XsUxds8A" "Mozilla/5.0 (iPhone; CPU iPhone OS 18_2 like Mac OS X) AppleWebKit/605.1.15 (KHTML, like Gecko) Mobile/22C152 Instagram 367.0.0.23.85 (iPhone14,2; iOS 18_2; ru_RU; ru; scale=3.00; 1170x2532; 695136484; IABMV/1)"
2a0d:b201:1035:c58b:4ca7:1e4e:ebed:fa25 - - [18/Feb/2025:15:53:47 +0500] "GET /img/loc.png HTTP/2.0" 200 1014 "https://xn--d1abrdhdaqq.kz/?fbclid=PAZXh0bgNhZW0CMTEAAaZNC-GB6a8_4jCAtiUZQdPfRkpO_bdohdl4Y0-8ZMtMKmNaPcFbcGQUAaQ_aem_MWRG6dxyCbEh49XsUxds8A" "Mozilla/5.0 (iPhone; CPU iPhone OS 18_2 like Mac OS X) AppleWebKit/605.1.15 (KHTML, like Gecko) Mobile/22C152 Instagram 367.0.0.23.85 (iPhone14,2; iOS 18_2; ru_RU; ru; scale=3.00; 1170x2532; 695136484; IABMV/1)"
2a0d:b201:1035:c58b:4ca7:1e4e:ebed:fa25 - - [18/Feb/2025:15:53:47 +0500] "GET /img/tel.png HTTP/2.0" 200 557 "https://xn--d1abrdhdaqq.kz/?fbclid=PAZXh0bgNhZW0CMTEAAaZNC-GB6a8_4jCAtiUZQdPfRkpO_bdohdl4Y0-8ZMtMKmNaPcFbcGQUAaQ_aem_MWRG6dxyCbEh49XsUxds8A" "Mozilla/5.0 (iPhone; CPU iPhone OS 18_2 like Mac OS X) AppleWebKit/605.1.15 (KHTML, like Gecko) Mobile/22C152 Instagram 367.0.0.23.85 (iPhone14,2; iOS 18_2; ru_RU; ru; scale=3.00; 1170x2532; 695136484; IABMV/1)"
2a0d:b201:1035:c58b:4ca7:1e4e:ebed:fa25 - - [18/Feb/2025:15:53:47 +0500] "GET /img/wats.svg HTTP/2.0" 200 2405 "https://xn--d1abrdhdaqq.kz/?fbclid=PAZXh0bgNhZW0CMTEAAaZNC-GB6a8_4jCAtiUZQdPfRkpO_bdohdl4Y0-8ZMtMKmNaPcFbcGQUAaQ_aem_MWRG6dxyCbEh49XsUxds8A" "Mozilla/5.0 (iPhone; CPU iPhone OS 18_2 like Mac OS X) AppleWebKit/605.1.15 (KHTML, like Gecko) Mobile/22C152 Instagram 367.0.0.23.85 (iPhone14,2; iOS 18_2; ru_RU; ru; scale=3.00; 1170x2532; 695136484; IABMV/1)"
2a0d:b201:1035:c58b:4ca7:1e4e:ebed:fa25 - - [18/Feb/2025:15:53:47 +0500] "GET /img/day.png HTTP/2.0" 200 1058 "https://xn--d1abrdhdaqq.kz/?fbclid=PAZXh0bgNhZW0CMTEAAaZNC-GB6a8_4jCAtiUZQdPfRkpO_bdohdl4Y0-8ZMtMKmNaPcFbcGQUAaQ_aem_MWRG6dxyCbEh49XsUxds8A" "Mozilla/5.0 (iPhone; CPU iPhone OS 18_2 like Mac OS X) AppleWebKit/605.1.15 (KHTML, like Gecko) Mobile/22C152 Instagram 367.0.0.23.85 (iPhone14,2; iOS 18_2; ru_RU; ru; scale=3.00; 1170x2532; 695136484; IABMV/1)"
2a0d:b201:1035:c58b:4ca7:1e4e:ebed:fa25 - - [18/Feb/2025:15:53:49 +0500] "GET /img/footer.jpg HTTP/2.0" 200 152799 "https://xn--d1abrdhdaqq.kz/?fbclid=PAZXh0bgNhZW0CMTEAAaZNC-GB6a8_4jCAtiUZQdPfRkpO_bdohdl4Y0-8ZMtMKmNaPcFbcGQUAaQ_aem_MWRG6dxyCbEh49XsUxds8A" "Mozilla/5.0 (iPhone; CPU iPhone OS 18_2 like Mac OS X) AppleWebKit/605.1.15 (KHTML, like Gecko) Mobile/22C152 Instagram 367.0.0.23.85 (iPhone14,2; iOS 18_2; ru_RU; ru; scale=3.00; 1170x2532; 695136484; IABMV/1)"
2a0d:b201:1035:c58b:4ca7:1e4e:ebed:fa25 - - [18/Feb/2025:15:53:57 +0500] "GET /cms_img/2024-12/1733465733_675296853dfe4.png HTTP/2.0" 200 683903 "https://xn--d1abrdhdaqq.kz/?fbclid=PAZXh0bgNhZW0CMTEAAaZNC-GB6a8_4jCAtiUZQdPfRkpO_bdohdl4Y0-8ZMtMKmNaPcFbcGQUAaQ_aem_MWRG6dxyCbEh49XsUxds8A" "Mozilla/5.0 (iPhone; CPU iPhone OS 18_2 like Mac OS X) AppleWebKit/605.1.15 (KHTML, like Gecko) Mobile/22C152 Instagram 367.0.0.23.85 (iPhone14,2; iOS 18_2; ru_RU; ru; scale=3.00; 1170x2532; 695136484; IABMV/1)"
2a0d:b201:1035:c58b:4ca7:1e4e:ebed:fa25 - - [18/Feb/2025:15:53:57 +0500] "GET /cms_img/2024-12/1733465406_6752953eb0375.png HTTP/2.0" 200 657648 "https://xn--d1abrdhdaqq.kz/?fbclid=PAZXh0bgNhZW0CMTEAAaZNC-GB6a8_4jCAtiUZQdPfRkpO_bdohdl4Y0-8ZMtMKmNaPcFbcGQUAaQ_aem_MWRG6dxyCbEh49XsUxds8A" "Mozilla/5.0 (iPhone; CPU iPhone OS 18_2 like Mac OS X) AppleWebKit/605.1.15 (KHTML, like Gecko) Mobile/22C152 Instagram 367.0.0.23.85 (iPhone14,2; iOS 18_2; ru_RU; ru; scale=3.00; 1170x2532; 695136484; IABMV/1)"
2a0d:b201:1035:c58b:4ca7:1e4e:ebed:fa25 - - [18/Feb/2025:15:53:57 +0500] "GET /cms_img/2024-12/1734494921_67624ac926267.png HTTP/2.0" 200 669320 "https://xn--d1abrdhdaqq.kz/?fbclid=PAZXh0bgNhZW0CMTEAAaZNC-GB6a8_4jCAtiUZQdPfRkpO_bdohdl4Y0-8ZMtMKmNaPcFbcGQUAaQ_aem_MWRG6dxyCbEh49XsUxds8A" "Mozilla/5.0 (iPhone; CPU iPhone OS 18_2 like Mac OS X) AppleWebKit/605.1.15 (KHTML, like Gecko) Mobile/22C152 Instagram 367.0.0.23.85 (iPhone14,2; iOS 18_2; ru_RU; ru; scale=3.00; 1170x2532; 695136484; IABMV/1)"
2a0d:b201:1035:c58b:4ca7:1e4e:ebed:fa25 - - [18/Feb/2025:15:53:58 +0500] "GET /cms_img/2024-12/1734494986_67624b0a8bcd3.png HTTP/2.0" 200 727362 "https://xn--d1abrdhdaqq.kz/?fbclid=PAZXh0bgNhZW0CMTEAAaZNC-GB6a8_4jCAtiUZQdPfRkpO_bdohdl4Y0-8ZMtMKmNaPcFbcGQUAaQ_aem_MWRG6dxyCbEh49XsUxds8A" "Mozilla/5.0 (iPhone; CPU iPhone OS 18_2 like Mac OS X) AppleWebKit/605.1.15 (KHTML, like Gecko) Mobile/22C152 Instagram 367.0.0.23.85 (iPhone14,2; iOS 18_2; ru_RU; ru; scale=3.00; 1170x2532; 695136484; IABMV/1)"
