2a03:32c0:2a:56e6:bd21:3a53:232:7b45 - - [31/Oct/2025:16:07:32 +0500] "GET / HTTP/1.0" 200 20919 "https://motor-land.kz/" "Mozilla/5.0 (iPhone; CPU iPhone OS 18_7 like Mac OS X) AppleWebKit/605.1.15 (KHTML, like Gecko) Version/26.0.1 Mobile/15E148 Safari/604.1"
2a03:32c0:2a:56e6:bd21:3a53:232:7b45 - - [31/Oct/2025:16:07:41 +0500] "GET / HTTP/1.0" 200 20919 "-" "Mozilla/5.0 (iPhone; CPU iPhone OS 18_7 like Mac OS X) AppleWebKit/605.1.15 (KHTML, like Gecko) Version/26.0.1 Mobile/15E148 Safari/604.1"
5.255.231.129 - - [31/Oct/2025:16:08:13 +0500] "GET /?yclid=7710547526903176844 HTTP/1.0" 200 20983 "-" "Mozilla/5.0 (compatible; YandexMetrika/2.0; +http://yandex.com/bots yabs01)"
5.255.231.16 - - [31/Oct/2025:16:08:34 +0500] "GET /?yclid=7710547526903176844 HTTP/1.0" 200 20983 "-" "Mozilla/5.0 (compatible; YandexMetrika/2.0; +http://yandex.com/bots yabs01)"
2a03:32c0:2a:56e6:bd21:3a53:232:7b45 - - [31/Oct/2025:16:09:35 +0500] "GET / HTTP/1.0" 200 20919 "-" "Mozilla/5.0 (iPhone; CPU iPhone OS 18_7 like Mac OS X) AppleWebKit/605.1.15 (KHTML, like Gecko) Version/26.0.1 Mobile/15E148 Safari/604.1"
2a03:32c0:2a:56e6:bd21:3a53:232:7b45 - - [31/Oct/2025:16:09:53 +0500] "GET / HTTP/1.0" 200 20919 "-" "Mozilla/5.0 (iPhone; CPU iPhone OS 18_7 like Mac OS X) AppleWebKit/605.1.15 (KHTML, like Gecko) Version/26.0.1 Mobile/15E148 Safari/604.1"
2a03:32c0:2a:56e6:bd21:3a53:232:7b45 - - [31/Oct/2025:16:09:54 +0500] "GET / HTTP/1.0" 200 20919 "-" "Mozilla/5.0 (iPhone; CPU iPhone OS 18_7 like Mac OS X) AppleWebKit/605.1.15 (KHTML, like Gecko) Version/26.0.1 Mobile/15E148 Safari/604.1"
95.108.213.217 - - [31/Oct/2025:16:10:00 +0500] "GET /robots.txt HTTP/1.0" 404 12619 "-" "Mozilla/5.0 (compatible; YandexBot/3.0; +http://yandex.com/bots)"
2a03:32c0:2a:56e6:bd21:3a53:232:7b45 - - [31/Oct/2025:16:10:13 +0500] "GET / HTTP/1.0" 200 20919 "-" "Mozilla/5.0 (iPhone; CPU iPhone OS 18_7 like Mac OS X) AppleWebKit/605.1.15 (KHTML, like Gecko) Version/26.0.1 Mobile/15E148 Safari/604.1"
2a03:32c0:2a:56e6:bd21:3a53:232:7b45 - - [31/Oct/2025:16:11:14 +0500] "GET / HTTP/1.0" 200 20919 "-" "Mozilla/5.0 (iPhone; CPU iPhone OS 18_7 like Mac OS X) AppleWebKit/605.1.15 (KHTML, like Gecko) Version/26.0.1 Mobile/15E148 Safari/604.1"
2a03:32c0:2a:56e6:bd21:3a53:232:7b45 - - [31/Oct/2025:16:11:28 +0500] "GET / HTTP/1.0" 200 20919 "-" "Mozilla/5.0 (iPhone; CPU iPhone OS 18_7 like Mac OS X) AppleWebKit/605.1.15 (KHTML, like Gecko) Version/26.0.1 Mobile/15E148 Safari/604.1"
2a03:32c0:2a:56e6:bd21:3a53:232:7b45 - - [31/Oct/2025:16:11:46 +0500] "GET /catalog.php HTTP/1.0" 200 54141 "https://motor-land.kz/" "Mozilla/5.0 (iPhone; CPU iPhone OS 18_7 like Mac OS X) AppleWebKit/605.1.15 (KHTML, like Gecko) Version/26.0.1 Mobile/15E148 Safari/604.1"
2a03:32c0:2a:56e6:bd21:3a53:232:7b45 - - [31/Oct/2025:16:11:48 +0500] "GET /noting HTTP/1.0" 404 12555 "https://motor-land.kz/catalog.php" "Mozilla/5.0 (iPhone; CPU iPhone OS 18_7 like Mac OS X) AppleWebKit/605.1.15 (KHTML, like Gecko) Version/26.0.1 Mobile/15E148 Safari/604.1"
45.130.7.136 - - [31/Oct/2025:16:13:14 +0500] "GET /pay HTTP/1.0" 200 14895 "https://motor-land.kz/" "Mozilla/5.0 (Macintosh; Intel Mac OS X 10_15_7) AppleWebKit/605.1.15 (KHTML, like Gecko) Version/26.0.1 Safari/605.1.15"
45.130.7.136 - - [31/Oct/2025:16:15:22 +0500] "GET / HTTP/1.0" 200 20919 "https://motor-land.kz/pay" "Mozilla/5.0 (Macintosh; Intel Mac OS X 10_15_7) AppleWebKit/605.1.15 (KHTML, like Gecko) Version/26.0.1 Safari/605.1.15"
45.130.7.136 - - [31/Oct/2025:16:16:56 +0500] "GET / HTTP/1.0" 200 20919 "https://motor-land.kz/pay" "Mozilla/5.0 (Macintosh; Intel Mac OS X 10_15_7) AppleWebKit/605.1.15 (KHTML, like Gecko) Version/26.0.1 Safari/605.1.15"
45.130.7.136 - - [31/Oct/2025:16:17:01 +0500] "GET / HTTP/1.0" 200 20919 "https://motor-land.kz/pay" "Mozilla/5.0 (Macintosh; Intel Mac OS X 10_15_7) AppleWebKit/605.1.15 (KHTML, like Gecko) Version/26.0.1 Safari/605.1.15"
45.130.7.136 - - [31/Oct/2025:16:17:02 +0500] "GET / HTTP/1.0" 200 20919 "https://motor-land.kz/pay" "Mozilla/5.0 (Macintosh; Intel Mac OS X 10_15_7) AppleWebKit/605.1.15 (KHTML, like Gecko) Version/26.0.1 Safari/605.1.15"
45.130.7.136 - - [31/Oct/2025:16:17:03 +0500] "GET / HTTP/1.0" 200 20919 "https://motor-land.kz/pay" "Mozilla/5.0 (Macintosh; Intel Mac OS X 10_15_7) AppleWebKit/605.1.15 (KHTML, like Gecko) Version/26.0.1 Safari/605.1.15"
45.130.7.136 - - [31/Oct/2025:16:17:04 +0500] "GET / HTTP/1.0" 200 20919 "https://motor-land.kz/pay" "Mozilla/5.0 (Macintosh; Intel Mac OS X 10_15_7) AppleWebKit/605.1.15 (KHTML, like Gecko) Version/26.0.1 Safari/605.1.15"
45.130.7.136 - - [31/Oct/2025:16:17:05 +0500] "GET / HTTP/1.0" 200 20919 "https://motor-land.kz/pay" "Mozilla/5.0 (Macintosh; Intel Mac OS X 10_15_7) AppleWebKit/605.1.15 (KHTML, like Gecko) Version/26.0.1 Safari/605.1.15"
45.130.7.136 - - [31/Oct/2025:16:17:05 +0500] "GET / HTTP/1.0" 200 20919 "https://motor-land.kz/pay" "Mozilla/5.0 (Macintosh; Intel Mac OS X 10_15_7) AppleWebKit/605.1.15 (KHTML, like Gecko) Version/26.0.1 Safari/605.1.15"
45.130.7.136 - - [31/Oct/2025:16:17:06 +0500] "GET / HTTP/1.0" 200 20919 "https://motor-land.kz/pay" "Mozilla/5.0 (Macintosh; Intel Mac OS X 10_15_7) AppleWebKit/605.1.15 (KHTML, like Gecko) Version/26.0.1 Safari/605.1.15"
45.130.7.136 - - [31/Oct/2025:16:17:07 +0500] "GET / HTTP/1.0" 200 20919 "https://motor-land.kz/pay" "Mozilla/5.0 (Macintosh; Intel Mac OS X 10_15_7) AppleWebKit/605.1.15 (KHTML, like Gecko) Version/26.0.1 Safari/605.1.15"
213.180.203.234 - - [31/Oct/2025:16:18:28 +0500] "GET /?yclid=7710547526903176844 HTTP/1.0" 200 20983 "-" "Mozilla/5.0 (compatible; YandexMetrika/2.0; +http://yandex.com/bots yabs01)"
85.92.123.161 - - [31/Oct/2025:16:19:28 +0500] "GET /detal.php?id=48&etext=2202.q00bbt5ljqc0q3ypb0Oy_2RndXBwZndhcXZoZWpoem8.c2c17bc9e55badeb34cb386f78675b03d838808a&yclid=15015405263685943295&ybaip=1 HTTP/1.0" 200 13425 "https://yandex.kz/" "Mozilla/5.0 (Windows NT 10.0; Win64; x64) AppleWebKit/537.36 (KHTML, like Gecko) Chrome/142.0.0.0 Safari/537.36"
85.92.123.161 - - [31/Oct/2025:16:19:36 +0500] "GET /catalog HTTP/1.0" 200 54141 "https://motor-land.kz/detal.php?id=48&etext=2202.q00bbt5ljqc0q3ypb0Oy_2RndXBwZndhcXZoZWpoem8.c2c17bc9e55badeb34cb386f78675b03d838808a&yclid=15015405263685943295&ybaip=1" "Mozilla/5.0 (Windows NT 10.0; Win64; x64) AppleWebKit/537.36 (KHTML, like Gecko) Chrome/142.0.0.0 Safari/537.36"
85.92.123.161 - - [31/Oct/2025:16:19:37 +0500] "GET /noting HTTP/1.0" 404 12555 "https://motor-land.kz/catalog" "Mozilla/5.0 (Windows NT 10.0; Win64; x64) AppleWebKit/537.36 (KHTML, like Gecko) Chrome/142.0.0.0 Safari/537.36"
74.125.151.71 - - [31/Oct/2025:16:19:45 +0500] "GET /?yclid=1354424931274719231&ybaip=1 HTTP/1.0" 200 20983 "https://yandex.ru/an/count/WlqejI_zOoVX2Lcf0dqN00FigW-yc62fm5ykrYPWJg2AJu3h3HFGcqZyaFn0m5i10Nq1lSr9N5GTv1S3jWleRKxegeP4SJ90EuNQovqzw9FUkVD1ThuNXknuAUYomyL1OqIrY3fK8naf6Gcm0wPizf1GitDfKIe5m781smG3WuuZ7nyV7v-I5u4y2j2-07nIWFO5uBW0xGj09mLeNm065g1zWJTPWFO5tfS2j2_m90lGli3pKe3s1Lva0TeNU5qAqBx0CnUWlG19ZmAq5o3H5g1TWUQLypNnDlsnWE88LNAwz1AwDwuFOVg3r-FbTVcWUp1x3zmSTywuSmXkAu-DmT4C3lQfmeRQFRSAPzJdMViueyuQHUxJKwVeUKRhdYVq6VKvOUzq-Bkvy-4bLrd8ZbvHkDnuFH4iM0WTgOpj2BpPCoGvPA6Zwdo-OLhsKTdiFh391Z1p0zTd-SZIvCSU4heZMWrx4mdRMQjXYq4Nm4jFrPHdQiIUQwzgojna85nYZPRMTR2JlkirEfDcIm4I430Stcm1RJWC7qYh8I60hnTuNmBOEi2c_M8QYX84AyUeOvbWq5Qu0gJgYUs2sS8Eg7NwZ5QlJvnQVTRv3JIjeVcDrq3KeBiEWawhp-VptfbntD8oMGjCT0hc4KMwHoXmQGhR9WKTG-C4CuR62Oqm4yeLz4N0679JnrQ8qMaOSxCBWoag49061S02q-N2Cg70aYPTYKszPHzLaxlieshk_ZVwlozUCc9_c1Rp--03pFxtPkjxRxO-Tu2plszm_DeBHdxsWX6ccOPwP9QPIwy57rd89tIZ30tcmFI4I-ySc9vmwQttMBxyWoGPFFFa7oG96SoFVPu79z1LLpVdlp5WCHzjtkkPpkwmB38ndTrXMVJQF-aZqCxh3WfYhbGgbJCUWtxOowxoIt3XYCx1dPPE4_mCilF7QGi5uw2mocrGcLs00Y83gPhyXCSYKeMZleZryePvWWcLfHbEyDCT7RTA24wDgGSFZoAuoSwREBChMi80~2?asset-click=video&pcode-test-ids-from-count=918196%2C0%2C61%3B1387854%2C0%2C51%3B1286016%2C0%2C9%3B1365407%2C0%2C86%3B1374359%2C0%2C80%3B1386970%2C0%2C54%3B1353317%2C0%2C82%3B1356432%2C0%2C44%3B1360193%2C0%2C25%3B1386713%2C0%2C65&pcode-test-ids-from-count=918196%2C0%2C61%3B1387854%2C0%2C51%3B1286016%2C0%2C9%3B1365407%2C0%2C86%3B1374359%2C0%2C80%3B1386970%2C0%2C54%3B1353317%2C0%2C82%3B1356432%2C0%2C44%3B1360193%2C0%2C25%3B1386713%2C0%2C65" "AdsBot-Google (+http://www.google.com/adsbot.html)"
45.130.7.136 - - [31/Oct/2025:16:19:51 +0500] "GET /catalog.php HTTP/1.0" 200 54141 "https://motor-land.kz/" "Mozilla/5.0 (iPhone; CPU iPhone OS 18_7 like Mac OS X) AppleWebKit/605.1.15 (KHTML, like Gecko) Version/26.0.1 Mobile/15E148 Safari/604.1"
45.130.7.136 - - [31/Oct/2025:16:19:51 +0500] "GET /noting HTTP/1.0" 404 12555 "https://motor-land.kz/catalog.php" "Mozilla/5.0 (iPhone; CPU iPhone OS 18_7 like Mac OS X) AppleWebKit/605.1.15 (KHTML, like Gecko) Version/26.0.1 Mobile/15E148 Safari/604.1"
74.125.151.70 - - [31/Oct/2025:16:19:53 +0500] "GET /?yclid=1354424931274719231&ybaip=1 HTTP/1.0" 200 20983 "https://yandex.ru/an/count/WlqejI_zOoVX2Lcf0dqN00FigW-yc62fm5ykrYPWJg2AJu3h3HFGcqZyaFn0m5i10Nq1lSr9N5GTv1S3jWleRKxegeP4SJ90EuNQovqzw9FUkVD1ThuNXknuAUYomyL1OqIrY3fK8naf6Gcm0wPizf1GitDfKIe5m781smG3WuuZ7nyV7v-I5u4y2j2-07nIWFO5uBW0xGj09mLeNm065g1zWJTPWFO5tfS2j2_m90lGli3pKe3s1Lva0TeNU5qAqBx0CnUWlG19ZmAq5o3H5g1TWUQLypNnDlsnWE88LNAwz1AwDwuFOVg3r-FbTVcWUp1x3zmSTywuSmXkAu-DmT4C3lQfmeRQFRSAPzJdMViueyuQHUxJKwVeUKRhdYVq6VKvOUzq-Bkvy-4bLrd8ZbvHkDnuFH4iM0WTgOpj2BpPCoGvPA6Zwdo-OLhsKTdiFh391Z1p0zTd-SZIvCSU4heZMWrx4mdRMQjXYq4Nm4jFrPHdQiIUQwzgojna85nYZPRMTR2JlkirEfDcIm4I430Stcm1RJWC7qYh8I60hnTuNmBOEi2c_M8QYX84AyUeOvbWq5Qu0gJgYUs2sS8Eg7NwZ5QlJvnQVTRv3JIjeVcDrq3KeBiEWawhp-VptfbntD8oMGjCT0hc4KMwHoXmQGhR9WKTG-C4CuR62Oqm4yeLz4N0679JnrQ8qMaOSxCBWoag49061S02q-N2Cg70aYPTYKszPHzLaxlieshk_ZVwlozUCc9_c1Rp--03pFxtPkjxRxO-Tu2plszm_DeBHdxsWX6ccOPwP9QPIwy57rd89tIZ30tcmFI4I-ySc9vmwQttMBxyWoGPFFFa7oG96SoFVPu79z1LLpVdlp5WCHzjtkkPpkwmB38ndTrXMVJQF-aZqCxh3WfYhbGgbJCUWtxOowxoIt3XYCx1dPPE4_mCilF7QGi5uw2mocrGcLs00Y83gPhyXCSYKeMZleZryePvWWcLfHbEyDCT7RTA24wDgGSFZoAuoSwREBChMi80~2?asset-click=video&pcode-test-ids-from-count=918196%2C0%2C61%3B1387854%2C0%2C51%3B1286016%2C0%2C9%3B1365407%2C0%2C86%3B1374359%2C0%2C80%3B1386970%2C0%2C54%3B1353317%2C0%2C82%3B1356432%2C0%2C44%3B1360193%2C0%2C25%3B1386713%2C0%2C65&pcode-test-ids-from-count=918196%2C0%2C61%3B1387854%2C0%2C51%3B1286016%2C0%2C9%3B1365407%2C0%2C86%3B1374359%2C0%2C80%3B1386970%2C0%2C54%3B1353317%2C0%2C82%3B1356432%2C0%2C44%3B1360193%2C0%2C25%3B1386713%2C0%2C65" "AdsBot-Google (+http://www.google.com/adsbot.html)"
45.130.7.136 - - [31/Oct/2025:16:19:58 +0500] "GET / HTTP/1.0" 200 20919 "https://motor-land.kz/catalog.php" "Mozilla/5.0 (iPhone; CPU iPhone OS 18_7 like Mac OS X) AppleWebKit/605.1.15 (KHTML, like Gecko) Version/26.0.1 Mobile/15E148 Safari/604.1"
87.250.224.37 - - [31/Oct/2025:16:20:09 +0500] "GET /robots.txt HTTP/1.0" 404 12619 "-" "Mozilla/5.0 (compatible; YandexBot/3.0; +http://yandex.com/bots)"
95.108.213.114 - - [31/Oct/2025:16:20:09 +0500] "GET /detal?id=70 HTTP/1.0" 200 13688 "-" "Mozilla/5.0 (compatible; YaDirectFetcher/1.0; +http://yandex.com/bots)"
45.130.7.136 - - [31/Oct/2025:16:20:17 +0500] "GET / HTTP/1.0" 200 20919 "-" "Mozilla/5.0 (Macintosh; Intel Mac OS X 10_15_7) AppleWebKit/605.1.15 (KHTML, like Gecko) Version/26.0.1 Safari/605.1.15"
45.130.7.136 - - [31/Oct/2025:16:20:24 +0500] "GET /hyst/myjs.js HTTP/1.0" 404 12555 "-" "Mozilla/5.0 (Macintosh; Intel Mac OS X 10_15_7) AppleWebKit/605.1.15 (KHTML, like Gecko) Version/26.0.1 Safari/605.1.15"
45.130.7.136 - - [31/Oct/2025:16:20:25 +0500] "GET /hyst/mob.css?0.91 HTTP/1.0" 404 12555 "https://motor-land.kz/hyst/myjs.js" "Mozilla/5.0 (Macintosh; Intel Mac OS X 10_15_7) AppleWebKit/605.1.15 (KHTML, like Gecko) Version/26.0.1 Safari/605.1.15"
45.130.7.136 - - [31/Oct/2025:16:20:25 +0500] "GET /hyst/css.css?0.91 HTTP/1.0" 404 12555 "https://motor-land.kz/hyst/myjs.js" "Mozilla/5.0 (Macintosh; Intel Mac OS X 10_15_7) AppleWebKit/605.1.15 (KHTML, like Gecko) Version/26.0.1 Safari/605.1.15"
45.130.7.136 - - [31/Oct/2025:16:20:25 +0500] "GET /hyst/tab.css?0.91 HTTP/1.0" 404 12555 "https://motor-land.kz/hyst/myjs.js" "Mozilla/5.0 (Macintosh; Intel Mac OS X 10_15_7) AppleWebKit/605.1.15 (KHTML, like Gecko) Version/26.0.1 Safari/605.1.15"
45.130.7.136 - - [31/Oct/2025:16:20:25 +0500] "GET /hyst/des/myjs.js?0.91 HTTP/1.0" 404 12555 "https://motor-land.kz/hyst/myjs.js" "Mozilla/5.0 (Macintosh; Intel Mac OS X 10_15_7) AppleWebKit/605.1.15 (KHTML, like Gecko) Version/26.0.1 Safari/605.1.15"
45.130.7.136 - - [31/Oct/2025:16:20:25 +0500] "GET /hyst/des/fm.revealator.jquery.min.css HTTP/1.0" 404 12555 "https://motor-land.kz/hyst/myjs.js" "Mozilla/5.0 (Macintosh; Intel Mac OS X 10_15_7) AppleWebKit/605.1.15 (KHTML, like Gecko) Version/26.0.1 Safari/605.1.15"
45.130.7.136 - - [31/Oct/2025:16:20:25 +0500] "GET /hyst/des/fm.revealator.jquery.js HTTP/1.0" 404 12555 "https://motor-land.kz/hyst/myjs.js" "Mozilla/5.0 (Macintosh; Intel Mac OS X 10_15_7) AppleWebKit/605.1.15 (KHTML, like Gecko) Version/26.0.1 Safari/605.1.15"
45.130.7.136 - - [31/Oct/2025:16:20:26 +0500] "GET /hyst/img/inst.png HTTP/1.0" 404 12555 "https://motor-land.kz/hyst/myjs.js" "Mozilla/5.0 (Macintosh; Intel Mac OS X 10_15_7) AppleWebKit/605.1.15 (KHTML, like Gecko) Version/26.0.1 Safari/605.1.15"
45.130.7.136 - - [31/Oct/2025:16:20:26 +0500] "GET /hyst/img/loc.png HTTP/1.0" 404 12555 "https://motor-land.kz/hyst/myjs.js" "Mozilla/5.0 (Macintosh; Intel Mac OS X 10_15_7) AppleWebKit/605.1.15 (KHTML, like Gecko) Version/26.0.1 Safari/605.1.15"
45.130.7.136 - - [31/Oct/2025:16:20:26 +0500] "GET /hyst/img/tel.png HTTP/1.0" 404 12555 "https://motor-land.kz/hyst/myjs.js" "Mozilla/5.0 (Macintosh; Intel Mac OS X 10_15_7) AppleWebKit/605.1.15 (KHTML, like Gecko) Version/26.0.1 Safari/605.1.15"
45.130.7.136 - - [31/Oct/2025:16:20:26 +0500] "GET /hyst/img/wats.svg HTTP/1.0" 404 12555 "https://motor-land.kz/hyst/myjs.js" "Mozilla/5.0 (Macintosh; Intel Mac OS X 10_15_7) AppleWebKit/605.1.15 (KHTML, like Gecko) Version/26.0.1 Safari/605.1.15"
45.130.7.136 - - [31/Oct/2025:16:20:26 +0500] "GET /hyst/img/day.png HTTP/1.0" 404 12555 "https://motor-land.kz/hyst/myjs.js" "Mozilla/5.0 (Macintosh; Intel Mac OS X 10_15_7) AppleWebKit/605.1.15 (KHTML, like Gecko) Version/26.0.1 Safari/605.1.15"
45.130.7.136 - - [31/Oct/2025:16:20:27 +0500] "GET /hyst/favicon.ico?0.91 HTTP/1.0" 404 12555 "https://motor-land.kz/hyst/myjs.js" "Mozilla/5.0 (Macintosh; Intel Mac OS X 10_15_7) AppleWebKit/605.1.15 (KHTML, like Gecko) Version/26.0.1 Safari/605.1.15"
45.130.7.136 - - [31/Oct/2025:16:20:37 +0500] "GET / HTTP/1.0" 200 20919 "-" "Mozilla/5.0 (Macintosh; Intel Mac OS X 10_15_7) AppleWebKit/605.1.15 (KHTML, like Gecko) Version/26.0.1 Safari/605.1.15"
45.130.7.136 - - [31/Oct/2025:16:20:39 +0500] "GET / HTTP/1.0" 200 20919 "-" "Mozilla/5.0 (Macintosh; Intel Mac OS X 10_15_7) AppleWebKit/605.1.15 (KHTML, like Gecko) Version/26.0.1 Safari/605.1.15"
45.130.7.136 - - [31/Oct/2025:16:20:40 +0500] "GET / HTTP/1.0" 200 20919 "-" "Mozilla/5.0 (Macintosh; Intel Mac OS X 10_15_7) AppleWebKit/605.1.15 (KHTML, like Gecko) Version/26.0.1 Safari/605.1.15"
45.130.7.136 - - [31/Oct/2025:16:21:18 +0500] "GET /catalog.php HTTP/1.0" 200 54141 "https://motor-land.kz/" "Mozilla/5.0 (iPhone; CPU iPhone OS 18_7 like Mac OS X) AppleWebKit/605.1.15 (KHTML, like Gecko) Version/26.0.1 Mobile/15E148 Safari/604.1"
45.130.7.136 - - [31/Oct/2025:16:21:18 +0500] "GET /noting HTTP/1.0" 404 12555 "https://motor-land.kz/catalog.php" "Mozilla/5.0 (iPhone; CPU iPhone OS 18_7 like Mac OS X) AppleWebKit/605.1.15 (KHTML, like Gecko) Version/26.0.1 Mobile/15E148 Safari/604.1"
45.130.7.136 - - [31/Oct/2025:16:21:20 +0500] "GET /catalog.php HTTP/1.0" 200 54141 "https://motor-land.kz/" "Mozilla/5.0 (iPhone; CPU iPhone OS 18_7 like Mac OS X) AppleWebKit/605.1.15 (KHTML, like Gecko) Version/26.0.1 Mobile/15E148 Safari/604.1"
45.130.7.136 - - [31/Oct/2025:16:21:20 +0500] "GET /noting HTTP/1.0" 404 12555 "https://motor-land.kz/catalog.php" "Mozilla/5.0 (iPhone; CPU iPhone OS 18_7 like Mac OS X) AppleWebKit/605.1.15 (KHTML, like Gecko) Version/26.0.1 Mobile/15E148 Safari/604.1"
45.130.7.136 - - [31/Oct/2025:16:21:22 +0500] "GET / HTTP/1.0" 200 20919 "https://motor-land.kz/catalog.php" "Mozilla/5.0 (iPhone; CPU iPhone OS 18_7 like Mac OS X) AppleWebKit/605.1.15 (KHTML, like Gecko) Version/26.0.1 Mobile/15E148 Safari/604.1"
45.130.7.136 - - [31/Oct/2025:16:21:23 +0500] "GET / HTTP/1.0" 200 20919 "https://motor-land.kz/catalog.php" "Mozilla/5.0 (iPhone; CPU iPhone OS 18_7 like Mac OS X) AppleWebKit/605.1.15 (KHTML, like Gecko) Version/26.0.1 Mobile/15E148 Safari/604.1"
45.130.7.136 - - [31/Oct/2025:16:23:57 +0500] "GET / HTTP/1.0" 200 20919 "https://motor-land.kz/catalog.php" "Mozilla/5.0 (iPhone; CPU iPhone OS 18_7 like Mac OS X) AppleWebKit/605.1.15 (KHTML, like Gecko) Version/26.0.1 Mobile/15E148 Safari/604.1"
45.130.7.136 - - [31/Oct/2025:16:24:02 +0500] "GET / HTTP/1.0" 200 20919 "https://motor-land.kz/catalog.php" "Mozilla/5.0 (iPhone; CPU iPhone OS 18_7 like Mac OS X) AppleWebKit/605.1.15 (KHTML, like Gecko) Version/26.0.1 Mobile/15E148 Safari/604.1"
45.130.7.136 - - [31/Oct/2025:16:24:03 +0500] "GET / HTTP/1.0" 200 20919 "https://motor-land.kz/catalog.php" "Mozilla/5.0 (iPhone; CPU iPhone OS 18_7 like Mac OS X) AppleWebKit/605.1.15 (KHTML, like Gecko) Version/26.0.1 Mobile/15E148 Safari/604.1"
45.130.7.136 - - [31/Oct/2025:16:24:47 +0500] "GET / HTTP/1.0" 200 20919 "https://motor-land.kz/catalog.php" "Mozilla/5.0 (iPhone; CPU iPhone OS 18_7 like Mac OS X) AppleWebKit/605.1.15 (KHTML, like Gecko) Version/26.0.1 Mobile/15E148 Safari/604.1"
45.130.7.136 - - [31/Oct/2025:16:24:48 +0500] "GET / HTTP/1.0" 200 20919 "https://motor-land.kz/catalog.php" "Mozilla/5.0 (iPhone; CPU iPhone OS 18_7 like Mac OS X) AppleWebKit/605.1.15 (KHTML, like Gecko) Version/26.0.1 Mobile/15E148 Safari/604.1"
213.180.203.132 - - [31/Oct/2025:16:25:07 +0500] "GET /?yclid=7710547526903176844 HTTP/1.0" 200 20983 "-" "Mozilla/5.0 (compatible; YandexMetrika/2.0; +http://yandex.com/bots yabs01)"
45.130.7.136 - - [31/Oct/2025:16:25:14 +0500] "GET / HTTP/1.0" 200 20919 "https://motor-land.kz/catalog.php" "Mozilla/5.0 (iPhone; CPU iPhone OS 18_7 like Mac OS X) AppleWebKit/605.1.15 (KHTML, like Gecko) Version/26.0.1 Mobile/15E148 Safari/604.1"
45.130.7.136 - - [31/Oct/2025:16:25:27 +0500] "GET / HTTP/1.0" 200 20919 "https://motor-land.kz/catalog.php" "Mozilla/5.0 (iPhone; CPU iPhone OS 18_7 like Mac OS X) AppleWebKit/605.1.15 (KHTML, like Gecko) Version/26.0.1 Mobile/15E148 Safari/604.1"
45.130.7.136 - - [31/Oct/2025:16:25:31 +0500] "GET / HTTP/1.0" 200 20919 "-" "Mozilla/5.0 (iPhone; CPU iPhone OS 18_7 like Mac OS X) AppleWebKit/605.1.15 (KHTML, like Gecko) Version/26.0.1 Mobile/15E148 Safari/604.1"
2a03:32c0:9001:b710:c89c:cfff:fe88:7072 - - [31/Oct/2025:16:25:50 +0500] "GET /?ybaip=1&yclid=13848778889486139391 HTTP/1.0" 200 20983 "https://yandex.kz/" "Mozilla/5.0 (Linux; arm_64; Android 15; CPH2711) AppleWebKit/537.36 (KHTML, like Gecko) Chrome/138.0.7204.755 YaSearchBrowser/25.86.1 BroPP/1.0 YaSearchApp/25.86.1 webOmni SA/3 Mobile Safari/537.36"
2a03:32c0:9001:b710:c89c:cfff:fe88:7072 - - [31/Oct/2025:16:25:51 +0500] "GET /favicon_apple.png?0.91 HTTP/1.0" 404 12555 "https://motor-land.kz/?ybaip=1&yclid=13848778889486139391" "Mozilla/5.0 (Linux; arm_64; Android 15; CPH2711) AppleWebKit/537.36 (KHTML, like Gecko) Chrome/138.0.7204.755 YaSearchBrowser/25.86.1 BroPP/1.0 YaSearchApp/25.86.1 webOmni SA/3 Mobile Safari/537.36"
2a03:32c0:9001:b710:c89c:cfff:fe88:7072 - - [31/Oct/2025:16:25:56 +0500] "GET /favicon_apple.png?0.91 HTTP/1.0" 404 12555 "https://motor-land.kz/?ybaip=1&yclid=13848778889486139391" "Mozilla/5.0 (Linux; arm_64; Android 15; CPH2711) AppleWebKit/537.36 (KHTML, like Gecko) Chrome/138.0.7204.755 YaSearchBrowser/25.86.1 BroPP/1.0 YaSearchApp/25.86.1 webOmni SA/3 Mobile Safari/537.36"
45.130.7.136 - - [31/Oct/2025:16:25:59 +0500] "GET / HTTP/1.0" 200 20919 "https://motor-land.kz/catalog.php" "Mozilla/5.0 (iPhone; CPU iPhone OS 18_7 like Mac OS X) AppleWebKit/605.1.15 (KHTML, like Gecko) Version/26.0.1 Mobile/15E148 Safari/604.1"
45.130.7.136 - - [31/Oct/2025:16:26:01 +0500] "GET / HTTP/1.0" 200 20919 "https://motor-land.kz/catalog.php" "Mozilla/5.0 (iPhone; CPU iPhone OS 18_7 like Mac OS X) AppleWebKit/605.1.15 (KHTML, like Gecko) Version/26.0.1 Mobile/15E148 Safari/604.1"
45.130.7.136 - - [31/Oct/2025:16:26:02 +0500] "GET / HTTP/1.0" 200 20919 "https://motor-land.kz/catalog.php" "Mozilla/5.0 (iPhone; CPU iPhone OS 18_7 like Mac OS X) AppleWebKit/605.1.15 (KHTML, like Gecko) Version/26.0.1 Mobile/15E148 Safari/604.1"
87.250.224.8 - - [31/Oct/2025:16:26:03 +0500] "GET /?yclid=7710547526903176844 HTTP/1.0" 200 20983 "-" "Mozilla/5.0 (compatible; YandexMetrika/2.0; +http://yandex.com/bots yabs01)"
114.119.148.161 - - [31/Oct/2025:16:26:33 +0500] "GET /detal?id=70 HTTP/1.0" 200 13688 "https://motor-land.kz/catalog" "Mozilla/5.0 (Linux; Android 7.0;) AppleWebKit/537.36 (KHTML, like Gecko) Mobile Safari/537.36 (compatible; PetalBot;+https://webmaster.petalsearch.com/site/petalbot)"
45.130.7.136 - - [31/Oct/2025:16:26:34 +0500] "GET / HTTP/1.0" 200 20919 "https://motor-land.kz/catalog.php" "Mozilla/5.0 (iPhone; CPU iPhone OS 18_7 like Mac OS X) AppleWebKit/605.1.15 (KHTML, like Gecko) Version/26.0.1 Mobile/15E148 Safari/604.1"
45.130.7.136 - - [31/Oct/2025:16:26:36 +0500] "GET / HTTP/1.0" 200 20919 "https://motor-land.kz/catalog.php" "Mozilla/5.0 (iPhone; CPU iPhone OS 18_7 like Mac OS X) AppleWebKit/605.1.15 (KHTML, like Gecko) Version/26.0.1 Mobile/15E148 Safari/604.1"
74.125.151.70 - - [31/Oct/2025:16:26:55 +0500] "GET /?yclid=433081816319262719&ybaip=1 HTTP/1.0" 200 20983 "https://yandex.ru/an/count/Wh0ejI_zOoVX2Lag0XKL00Fdc5KX8oGKrY4PHKimP1JugucYIi3iH35JnEV3M2E1AZu1hZTCG6yYoN86YO2t0WAwYIQ0rsKFFxi3kYoWjpcPsqhvUsB0TW6zpGaT4x1Jrm3j56elT_QWJthdpWVP-LuOikEbeCiE5mUD4TKYwb2DPAHa9C0EcBBPy_Y1YnmmbCeEXv9FJfOmw3XE8N4JfAw6tej07WLeNm0-AK3x0d1SWFO5e9C2j2y00mlGli2RB43x0kzB0TeNU985Q5_WUIb0-m8liW3j2xmk1MXVu9aBqBwW4fRpDK6dMz5dEq9oklGIkZUk3s7_mUl1x3rmJG0A2TDIr4080tpb-1Jf6W4E5JHux14WcC71UaEkAq74IBXRljnuFH4iM0WTgOpj2BpPcpGGhmf1v_CDKvpDxWERR03FRE3wB1zPclpOGo9PHQjXRo9XEsirR6adMjV1JbYlNgDxccqR3iC7qcf82E3h1Pva05i7jDel9hQm99agYf4WO0pQ2bU0L3snNJ1RsC50aS2PBNsrfMMoE7ReChe59Ze5isqbpma5BarXgoy2nf1Ze7IiZz4zZBdP1KFM02Dkji5yOuZWfi0Mh0w7C5sbKbc4h5Ggcq_i1twc9Tp0KQEfjunhSfTnpTt_ne_bYoUuTVdXhvVbWtsLr_zwCFMz7anzxWomlx-OyhLIgf-LKZ7DzDiViynSUfjAeaHIqOqoD9W3qnCklNDWUiAbjzvZ-V8FacJmp9D_a2HaC3_sUHwSG5TTtPp_UgQpkyOq9gQpkyOqh_sJFWBjlEWnBuAvKgbKpf24KSDU9g3yLqaUqE13tB4H4lnw1T3dZHYWKcAb2wO8gFMBxixjenwvQod1W-lUTIQY1vYT4tkL1dSn0ccW_jdW1vfRDjbRBQnqs80r~2?asset-click=video&pcode-test-ids-from-count=1387854%2C0%2C7%3B1397175%2C0%2C31%3B1381674%2C0%2C69%3B1375118%2C0%2C37%3B1374359%2C0%2C26%3B1386969%2C0%2C14%3B1396108%2C0%2C1%3B1353317%2C0%2C44%3B1356432%2C0%2C62%3B1396171%2C0%2C54%3B1397352%2C0%2C87%3B1360192%2C0%2C29&pcode-active-testids=1381674%2C0%2C69&pcode-test-ids-from-count=1387854%2C0%2C7%3B1397175%2C0%2C31%3B1381674%2C0%2C69%3B1375118%2C0%2C37%3B1374359%2C0%2C26%3B1386969%2C0%2C14%3B1396108%2C0%2C1%3B1353317%2C0%2C44%3B1356432%2C0%2C62%3B1396171%2C0%2C54%3B1397352%2C0%2C87%3B1360192%2C0%2C29&pcode-active-testids=1381674%2C0%2C69" "AdsBot-Google (+http://www.google.com/adsbot.html)"
45.130.7.136 - - [31/Oct/2025:16:28:26 +0500] "GET / HTTP/1.0" 200 20919 "https://motor-land.kz/catalog.php" "Mozilla/5.0 (iPhone; CPU iPhone OS 18_7 like Mac OS X) AppleWebKit/605.1.15 (KHTML, like Gecko) Version/26.0.1 Mobile/15E148 Safari/604.1"
45.130.7.136 - - [31/Oct/2025:16:28:27 +0500] "GET / HTTP/1.0" 200 20919 "https://motor-land.kz/catalog.php" "Mozilla/5.0 (iPhone; CPU iPhone OS 18_7 like Mac OS X) AppleWebKit/605.1.15 (KHTML, like Gecko) Version/26.0.1 Mobile/15E148 Safari/604.1"
45.130.7.136 - - [31/Oct/2025:16:28:30 +0500] "GET / HTTP/1.0" 200 20919 "https://motor-land.kz/catalog.php" "Mozilla/5.0 (iPhone; CPU iPhone OS 18_7 like Mac OS X) AppleWebKit/605.1.15 (KHTML, like Gecko) Version/26.0.1 Mobile/15E148 Safari/604.1"
45.130.7.136 - - [31/Oct/2025:16:28:31 +0500] "GET / HTTP/1.0" 200 20919 "https://motor-land.kz/catalog.php" "Mozilla/5.0 (iPhone; CPU iPhone OS 18_7 like Mac OS X) AppleWebKit/605.1.15 (KHTML, like Gecko) Version/26.0.1 Mobile/15E148 Safari/604.1"
45.130.7.136 - - [31/Oct/2025:16:28:58 +0500] "GET / HTTP/1.0" 200 20919 "https://motor-land.kz/catalog.php" "Mozilla/5.0 (iPhone; CPU iPhone OS 18_7 like Mac OS X) AppleWebKit/605.1.15 (KHTML, like Gecko) Version/26.0.1 Mobile/15E148 Safari/604.1"
45.130.7.136 - - [31/Oct/2025:16:28:59 +0500] "GET / HTTP/1.0" 200 20919 "https://motor-land.kz/catalog.php" "Mozilla/5.0 (iPhone; CPU iPhone OS 18_7 like Mac OS X) AppleWebKit/605.1.15 (KHTML, like Gecko) Version/26.0.1 Mobile/15E148 Safari/604.1"
45.130.7.136 - - [31/Oct/2025:16:29:03 +0500] "GET /catalog.php HTTP/1.0" 200 54141 "-" "Mozilla/5.0 (iPhone; CPU iPhone OS 18_7 like Mac OS X) AppleWebKit/605.1.15 (KHTML, like Gecko) Version/26.0.1 Mobile/15E148 Safari/604.1"
45.130.7.136 - - [31/Oct/2025:16:29:03 +0500] "GET /noting HTTP/1.0" 404 12555 "https://motor-land.kz/catalog.php" "Mozilla/5.0 (iPhone; CPU iPhone OS 18_7 like Mac OS X) AppleWebKit/605.1.15 (KHTML, like Gecko) Version/26.0.1 Mobile/15E148 Safari/604.1"
45.130.7.136 - - [31/Oct/2025:16:29:06 +0500] "GET / HTTP/1.0" 200 20919 "https://motor-land.kz/catalog.php" "Mozilla/5.0 (iPhone; CPU iPhone OS 18_7 like Mac OS X) AppleWebKit/605.1.15 (KHTML, like Gecko) Version/26.0.1 Mobile/15E148 Safari/604.1"
95.108.213.145 - - [31/Oct/2025:16:29:38 +0500] "GET /?yclid=7710547526903176844 HTTP/1.0" 200 20983 "-" "Mozilla/5.0 (compatible; YandexMetrika/2.0; +http://yandex.com/bots yabs01)"
45.130.7.136 - - [31/Oct/2025:16:29:55 +0500] "GET / HTTP/1.0" 200 20919 "https://motor-land.kz/catalog.php" "Mozilla/5.0 (iPhone; CPU iPhone OS 18_7 like Mac OS X) AppleWebKit/605.1.15 (KHTML, like Gecko) Version/26.0.1 Mobile/15E148 Safari/604.1"
45.130.7.136 - - [31/Oct/2025:16:29:56 +0500] "GET / HTTP/1.0" 200 20919 "https://motor-land.kz/catalog.php" "Mozilla/5.0 (iPhone; CPU iPhone OS 18_7 like Mac OS X) AppleWebKit/605.1.15 (KHTML, like Gecko) Version/26.0.1 Mobile/15E148 Safari/604.1"
45.130.7.136 - - [31/Oct/2025:16:29:58 +0500] "GET / HTTP/1.0" 200 20919 "https://motor-land.kz/catalog.php" "Mozilla/5.0 (iPhone; CPU iPhone OS 18_7 like Mac OS X) AppleWebKit/605.1.15 (KHTML, like Gecko) Version/26.0.1 Mobile/15E148 Safari/604.1"
45.130.7.136 - - [31/Oct/2025:16:30:01 +0500] "GET / HTTP/1.0" 200 20919 "-" "Mozilla/5.0 (Macintosh; Intel Mac OS X 10_15_7) AppleWebKit/605.1.15 (KHTML, like Gecko) Version/26.0.1 Safari/605.1.15"
45.130.7.136 - - [31/Oct/2025:16:30:02 +0500] "GET / HTTP/1.0" 200 20919 "-" "Mozilla/5.0 (Macintosh; Intel Mac OS X 10_15_7) AppleWebKit/605.1.15 (KHTML, like Gecko) Version/26.0.1 Safari/605.1.15"
45.130.7.136 - - [31/Oct/2025:16:30:10 +0500] "GET / HTTP/1.0" 200 20919 "-" "Mozilla/5.0 (Macintosh; Intel Mac OS X 10_15_7) AppleWebKit/605.1.15 (KHTML, like Gecko) Version/26.0.1 Safari/605.1.15"
45.130.7.136 - - [31/Oct/2025:16:30:11 +0500] "GET / HTTP/1.0" 200 20919 "-" "Mozilla/5.0 (Macintosh; Intel Mac OS X 10_15_7) AppleWebKit/605.1.15 (KHTML, like Gecko) Version/26.0.1 Safari/605.1.15"
45.130.7.136 - - [31/Oct/2025:16:30:11 +0500] "GET / HTTP/1.0" 200 20919 "-" "Mozilla/5.0 (Macintosh; Intel Mac OS X 10_15_7) AppleWebKit/605.1.15 (KHTML, like Gecko) Version/26.0.1 Safari/605.1.15"
45.130.7.136 - - [31/Oct/2025:16:30:12 +0500] "GET / HTTP/1.0" 200 20919 "-" "Mozilla/5.0 (Macintosh; Intel Mac OS X 10_15_7) AppleWebKit/605.1.15 (KHTML, like Gecko) Version/26.0.1 Safari/605.1.15"
66.249.68.64 - - [31/Oct/2025:16:31:11 +0500] "GET /?yclid=17872991054127431679 HTTP/1.0" 200 20983 "-" "Mozilla/5.0 (Linux; Android 6.0.1; Nexus 5X Build/MMB29P) AppleWebKit/537.36 (KHTML, like Gecko) Chrome/141.0.7390.122 Mobile Safari/537.36 (compatible; Googlebot/2.1; +http://www.google.com/bot.html)"
87.250.224.77 - - [31/Oct/2025:16:32:42 +0500] "GET /?yclid=7710547526903176844 HTTP/1.0" 200 21459 "-" "Mozilla/5.0 (compatible; YandexMetrika/2.0; +http://yandex.com/bots yabs01)"
45.130.7.136 - - [31/Oct/2025:16:32:44 +0500] "GET / HTTP/1.0" 200 21395 "-" "Mozilla/5.0 (Macintosh; Intel Mac OS X 10_15_7) AppleWebKit/605.1.15 (KHTML, like Gecko) Version/26.0.1 Safari/605.1.15"
45.130.7.136 - - [31/Oct/2025:16:33:10 +0500] "GET / HTTP/1.0" 200 21395 "-" "Mozilla/5.0 (Macintosh; Intel Mac OS X 10_15_7) AppleWebKit/605.1.15 (KHTML, like Gecko) Version/26.0.1 Safari/605.1.15"
45.130.7.136 - - [31/Oct/2025:16:33:13 +0500] "GET / HTTP/1.0" 200 21395 "-" "Mozilla/5.0 (Macintosh; Intel Mac OS X 10_15_7) AppleWebKit/605.1.15 (KHTML, like Gecko) Version/26.0.1 Safari/605.1.15"
45.130.7.136 - - [31/Oct/2025:16:33:14 +0500] "GET / HTTP/1.0" 200 21395 "-" "Mozilla/5.0 (Macintosh; Intel Mac OS X 10_15_7) AppleWebKit/605.1.15 (KHTML, like Gecko) Version/26.0.1 Safari/605.1.15"
45.130.7.136 - - [31/Oct/2025:16:33:15 +0500] "GET / HTTP/1.0" 200 21395 "-" "Mozilla/5.0 (Macintosh; Intel Mac OS X 10_15_7) AppleWebKit/605.1.15 (KHTML, like Gecko) Version/26.0.1 Safari/605.1.15"
45.130.7.136 - - [31/Oct/2025:16:33:15 +0500] "GET / HTTP/1.0" 200 21395 "-" "Mozilla/5.0 (Macintosh; Intel Mac OS X 10_15_7) AppleWebKit/605.1.15 (KHTML, like Gecko) Version/26.0.1 Safari/605.1.15"
45.130.7.136 - - [31/Oct/2025:16:33:16 +0500] "GET / HTTP/1.0" 200 21395 "-" "Mozilla/5.0 (Macintosh; Intel Mac OS X 10_15_7) AppleWebKit/605.1.15 (KHTML, like Gecko) Version/26.0.1 Safari/605.1.15"
45.130.7.136 - - [31/Oct/2025:16:33:37 +0500] "GET / HTTP/1.0" 200 21394 "-" "Mozilla/5.0 (Macintosh; Intel Mac OS X 10_15_7) AppleWebKit/605.1.15 (KHTML, like Gecko) Version/26.0.1 Safari/605.1.15"
45.130.7.136 - - [31/Oct/2025:16:33:38 +0500] "GET / HTTP/1.0" 200 21394 "-" "Mozilla/5.0 (Macintosh; Intel Mac OS X 10_15_7) AppleWebKit/605.1.15 (KHTML, like Gecko) Version/26.0.1 Safari/605.1.15"
45.130.7.136 - - [31/Oct/2025:16:33:38 +0500] "GET / HTTP/1.0" 200 21394 "-" "Mozilla/5.0 (Macintosh; Intel Mac OS X 10_15_7) AppleWebKit/605.1.15 (KHTML, like Gecko) Version/26.0.1 Safari/605.1.15"
45.130.7.136 - - [31/Oct/2025:16:33:39 +0500] "GET / HTTP/1.0" 200 21394 "-" "Mozilla/5.0 (Macintosh; Intel Mac OS X 10_15_7) AppleWebKit/605.1.15 (KHTML, like Gecko) Version/26.0.1 Safari/605.1.15"
45.130.7.136 - - [31/Oct/2025:16:34:38 +0500] "GET / HTTP/1.0" 200 21394 "-" "Mozilla/5.0 (Macintosh; Intel Mac OS X 10_15_7) AppleWebKit/605.1.15 (KHTML, like Gecko) Version/26.0.1 Safari/605.1.15"
87.250.224.130 - - [31/Oct/2025:16:34:38 +0500] "GET /robots.txt HTTP/1.0" 404 12619 "-" "Mozilla/5.0 (compatible; YandexBot/3.0; +http://yandex.com/bots)"
95.108.213.93 - - [31/Oct/2025:16:34:38 +0500] "GET /detal.php?id=48 HTTP/1.0" 200 13425 "-" "Mozilla/5.0 (compatible; YaDirectFetcher/1.0; +http://yandex.com/bots)"
45.130.7.136 - - [31/Oct/2025:16:34:40 +0500] "GET /catalog HTTP/1.0" 200 54141 "https://motor-land.kz/" "Mozilla/5.0 (Macintosh; Intel Mac OS X 10_15_7) AppleWebKit/605.1.15 (KHTML, like Gecko) Version/26.0.1 Safari/605.1.15"
45.130.7.136 - - [31/Oct/2025:16:34:40 +0500] "GET /noting HTTP/1.0" 404 12555 "https://motor-land.kz/catalog" "Mozilla/5.0 (Macintosh; Intel Mac OS X 10_15_7) AppleWebKit/605.1.15 (KHTML, like Gecko) Version/26.0.1 Safari/605.1.15"
45.130.7.136 - - [31/Oct/2025:16:35:25 +0500] "GET /catalog HTTP/1.0" 200 54141 "https://motor-land.kz/" "Mozilla/5.0 (Macintosh; Intel Mac OS X 10_15_7) AppleWebKit/605.1.15 (KHTML, like Gecko) Version/26.0.1 Safari/605.1.15"
45.130.7.136 - - [31/Oct/2025:16:35:26 +0500] "GET /noting HTTP/1.0" 404 12555 "https://motor-land.kz/catalog" "Mozilla/5.0 (Macintosh; Intel Mac OS X 10_15_7) AppleWebKit/605.1.15 (KHTML, like Gecko) Version/26.0.1 Safari/605.1.15"
45.130.7.136 - - [31/Oct/2025:16:35:32 +0500] "GET /catalog HTTP/1.0" 200 54141 "https://motor-land.kz/" "Mozilla/5.0 (Macintosh; Intel Mac OS X 10_15_7) AppleWebKit/605.1.15 (KHTML, like Gecko) Version/26.0.1 Safari/605.1.15"
45.130.7.136 - - [31/Oct/2025:16:35:32 +0500] "GET /noting HTTP/1.0" 404 12555 "https://motor-land.kz/catalog" "Mozilla/5.0 (Macintosh; Intel Mac OS X 10_15_7) AppleWebKit/605.1.15 (KHTML, like Gecko) Version/26.0.1 Safari/605.1.15"
45.130.7.136 - - [31/Oct/2025:16:35:33 +0500] "GET /catalog HTTP/1.0" 200 54141 "https://motor-land.kz/" "Mozilla/5.0 (Macintosh; Intel Mac OS X 10_15_7) AppleWebKit/605.1.15 (KHTML, like Gecko) Version/26.0.1 Safari/605.1.15"
45.130.7.136 - - [31/Oct/2025:16:35:33 +0500] "GET /noting HTTP/1.0" 404 12555 "https://motor-land.kz/catalog" "Mozilla/5.0 (Macintosh; Intel Mac OS X 10_15_7) AppleWebKit/605.1.15 (KHTML, like Gecko) Version/26.0.1 Safari/605.1.15"
45.130.7.136 - - [31/Oct/2025:16:35:33 +0500] "GET /catalog HTTP/1.0" 200 54141 "https://motor-land.kz/" "Mozilla/5.0 (Macintosh; Intel Mac OS X 10_15_7) AppleWebKit/605.1.15 (KHTML, like Gecko) Version/26.0.1 Safari/605.1.15"
45.130.7.136 - - [31/Oct/2025:16:35:34 +0500] "GET /noting HTTP/1.0" 404 12555 "https://motor-land.kz/catalog" "Mozilla/5.0 (Macintosh; Intel Mac OS X 10_15_7) AppleWebKit/605.1.15 (KHTML, like Gecko) Version/26.0.1 Safari/605.1.15"
45.130.7.136 - - [31/Oct/2025:16:35:34 +0500] "GET /catalog HTTP/1.0" 200 54141 "https://motor-land.kz/" "Mozilla/5.0 (Macintosh; Intel Mac OS X 10_15_7) AppleWebKit/605.1.15 (KHTML, like Gecko) Version/26.0.1 Safari/605.1.15"
45.130.7.136 - - [31/Oct/2025:16:35:34 +0500] "GET /noting HTTP/1.0" 404 12555 "https://motor-land.kz/catalog" "Mozilla/5.0 (Macintosh; Intel Mac OS X 10_15_7) AppleWebKit/605.1.15 (KHTML, like Gecko) Version/26.0.1 Safari/605.1.15"
45.130.7.136 - - [31/Oct/2025:16:35:35 +0500] "GET /catalog HTTP/1.0" 200 54141 "https://motor-land.kz/" "Mozilla/5.0 (Macintosh; Intel Mac OS X 10_15_7) AppleWebKit/605.1.15 (KHTML, like Gecko) Version/26.0.1 Safari/605.1.15"
45.130.7.136 - - [31/Oct/2025:16:35:35 +0500] "GET /noting HTTP/1.0" 404 12555 "https://motor-land.kz/catalog" "Mozilla/5.0 (Macintosh; Intel Mac OS X 10_15_7) AppleWebKit/605.1.15 (KHTML, like Gecko) Version/26.0.1 Safari/605.1.15"
45.130.7.136 - - [31/Oct/2025:16:35:37 +0500] "GET /catalog HTTP/1.0" 200 54141 "https://motor-land.kz/" "Mozilla/5.0 (Macintosh; Intel Mac OS X 10_15_7) AppleWebKit/605.1.15 (KHTML, like Gecko) Version/26.0.1 Safari/605.1.15"
45.130.7.136 - - [31/Oct/2025:16:35:37 +0500] "GET /noting HTTP/1.0" 404 12555 "https://motor-land.kz/catalog" "Mozilla/5.0 (Macintosh; Intel Mac OS X 10_15_7) AppleWebKit/605.1.15 (KHTML, like Gecko) Version/26.0.1 Safari/605.1.15"
45.130.7.136 - - [31/Oct/2025:16:35:38 +0500] "GET /catalog HTTP/1.0" 200 54141 "https://motor-land.kz/" "Mozilla/5.0 (Macintosh; Intel Mac OS X 10_15_7) AppleWebKit/605.1.15 (KHTML, like Gecko) Version/26.0.1 Safari/605.1.15"
45.130.7.136 - - [31/Oct/2025:16:35:38 +0500] "GET /noting HTTP/1.0" 404 12555 "https://motor-land.kz/catalog" "Mozilla/5.0 (Macintosh; Intel Mac OS X 10_15_7) AppleWebKit/605.1.15 (KHTML, like Gecko) Version/26.0.1 Safari/605.1.15"
45.130.7.136 - - [31/Oct/2025:16:35:39 +0500] "GET /catalog HTTP/1.0" 200 54141 "https://motor-land.kz/" "Mozilla/5.0 (Macintosh; Intel Mac OS X 10_15_7) AppleWebKit/605.1.15 (KHTML, like Gecko) Version/26.0.1 Safari/605.1.15"
45.130.7.136 - - [31/Oct/2025:16:35:39 +0500] "GET /noting HTTP/1.0" 404 12555 "https://motor-land.kz/catalog" "Mozilla/5.0 (Macintosh; Intel Mac OS X 10_15_7) AppleWebKit/605.1.15 (KHTML, like Gecko) Version/26.0.1 Safari/605.1.15"
45.130.7.136 - - [31/Oct/2025:16:35:40 +0500] "GET /catalog HTTP/1.0" 200 54141 "https://motor-land.kz/" "Mozilla/5.0 (Macintosh; Intel Mac OS X 10_15_7) AppleWebKit/605.1.15 (KHTML, like Gecko) Version/26.0.1 Safari/605.1.15"
45.130.7.136 - - [31/Oct/2025:16:35:40 +0500] "GET /noting HTTP/1.0" 404 12555 "https://motor-land.kz/catalog" "Mozilla/5.0 (Macintosh; Intel Mac OS X 10_15_7) AppleWebKit/605.1.15 (KHTML, like Gecko) Version/26.0.1 Safari/605.1.15"
87.250.224.248 - - [31/Oct/2025:16:36:58 +0500] "GET /?yclid=7710547526903176844 HTTP/1.0" 200 20983 "-" "Mozilla/5.0 (compatible; YandexMetrika/2.0; +http://yandex.com/bots yabs01)"
95.108.213.129 - - [31/Oct/2025:16:37:28 +0500] "GET /detal.php?id=39 HTTP/1.0" 200 13461 "-" "Mozilla/5.0 (compatible; YaDirectFetcher/1.0; +http://yandex.com/bots)"
45.130.7.136 - - [31/Oct/2025:16:37:50 +0500] "GET / HTTP/1.0" 200 20919 "https://motor-land.kz/catalog.php" "Mozilla/5.0 (iPhone; CPU iPhone OS 18_7 like Mac OS X) AppleWebKit/605.1.15 (KHTML, like Gecko) Version/26.0.1 Mobile/15E148 Safari/604.1"
45.130.7.136 - - [31/Oct/2025:16:37:51 +0500] "GET / HTTP/1.0" 200 20919 "https://motor-land.kz/catalog.php" "Mozilla/5.0 (iPhone; CPU iPhone OS 18_7 like Mac OS X) AppleWebKit/605.1.15 (KHTML, like Gecko) Version/26.0.1 Mobile/15E148 Safari/604.1"
2.132.119.219 - - [31/Oct/2025:16:37:51 +0500] "GET / HTTP/1.0" 200 20983 "https://link.2gis.com/" "Mozilla/5.0 (X11; Linux x86_64) AppleWebKit/537.36 (KHTML, like Gecko) Chrome/138.0.0.0 Safari/537.36"
45.130.7.136 - - [31/Oct/2025:16:37:52 +0500] "GET / HTTP/1.0" 200 20919 "https://motor-land.kz/catalog.php" "Mozilla/5.0 (iPhone; CPU iPhone OS 18_7 like Mac OS X) AppleWebKit/605.1.15 (KHTML, like Gecko) Version/26.0.1 Mobile/15E148 Safari/604.1"
45.130.7.136 - - [31/Oct/2025:16:38:01 +0500] "GET / HTTP/1.0" 200 20919 "https://motor-land.kz/catalog.php" "Mozilla/5.0 (iPhone; CPU iPhone OS 18_7 like Mac OS X) AppleWebKit/605.1.15 (KHTML, like Gecko) Version/26.0.1 Mobile/15E148 Safari/604.1"
45.130.7.136 - - [31/Oct/2025:16:38:04 +0500] "GET / HTTP/1.0" 200 20919 "https://motor-land.kz/catalog.php" "Mozilla/5.0 (iPhone; CPU iPhone OS 18_7 like Mac OS X) AppleWebKit/605.1.15 (KHTML, like Gecko) Version/26.0.1 Mobile/15E148 Safari/604.1"
45.130.7.136 - - [31/Oct/2025:16:38:06 +0500] "GET / HTTP/1.0" 200 20919 "https://motor-land.kz/catalog.php" "Mozilla/5.0 (iPhone; CPU iPhone OS 18_7 like Mac OS X) AppleWebKit/605.1.15 (KHTML, like Gecko) Version/26.0.1 Mobile/15E148 Safari/604.1"
45.130.7.136 - - [31/Oct/2025:16:38:08 +0500] "GET / HTTP/1.0" 200 20919 "https://motor-land.kz/catalog.php" "Mozilla/5.0 (iPhone; CPU iPhone OS 18_7 like Mac OS X) AppleWebKit/605.1.15 (KHTML, like Gecko) Version/26.0.1 Mobile/15E148 Safari/604.1"
45.130.7.136 - - [31/Oct/2025:16:38:14 +0500] "GET / HTTP/1.0" 200 20983 "-" "Mozilla/5.0 (iPhone; CPU iPhone OS 18_7 like Mac OS X) AppleWebKit/605.1.15 (KHTML, like Gecko) Version/26.0.1 Mobile/15E148 Safari/604.1"
45.130.7.136 - - [31/Oct/2025:16:38:16 +0500] "GET / HTTP/1.0" 200 20919 "-" "Mozilla/5.0 (iPhone; CPU iPhone OS 18_7 like Mac OS X) AppleWebKit/605.1.15 (KHTML, like Gecko) Version/26.0.1 Mobile/15E148 Safari/604.1"
45.130.7.136 - - [31/Oct/2025:16:38:17 +0500] "GET / HTTP/1.0" 200 20919 "-" "Mozilla/5.0 (iPhone; CPU iPhone OS 18_7 like Mac OS X) AppleWebKit/605.1.15 (KHTML, like Gecko) Version/26.0.1 Mobile/15E148 Safari/604.1"
45.130.7.136 - - [31/Oct/2025:16:38:19 +0500] "GET / HTTP/1.0" 200 20919 "-" "Mozilla/5.0 (iPhone; CPU iPhone OS 18_7 like Mac OS X) AppleWebKit/605.1.15 (KHTML, like Gecko) Version/26.0.1 Mobile/15E148 Safari/604.1"
45.130.7.136 - - [31/Oct/2025:16:38:20 +0500] "GET / HTTP/1.0" 200 20919 "-" "Mozilla/5.0 (iPhone; CPU iPhone OS 18_7 like Mac OS X) AppleWebKit/605.1.15 (KHTML, like Gecko) Version/26.0.1 Mobile/15E148 Safari/604.1"
2.132.119.219 - - [31/Oct/2025:16:38:23 +0500] "GET /catalog HTTP/1.0" 200 54141 "https://motor-land.kz/" "Mozilla/5.0 (X11; Linux x86_64) AppleWebKit/537.36 (KHTML, like Gecko) Chrome/138.0.0.0 Safari/537.36"
2.132.119.219 - - [31/Oct/2025:16:38:23 +0500] "GET /noting HTTP/1.0" 404 12555 "https://motor-land.kz/catalog" "Mozilla/5.0 (X11; Linux x86_64) AppleWebKit/537.36 (KHTML, like Gecko) Chrome/138.0.0.0 Safari/537.36"
95.108.213.87 - - [31/Oct/2025:16:38:28 +0500] "GET /detal?id=9 HTTP/1.0" 200 13585 "-" "Mozilla/5.0 (compatible; YaDirectFetcher/1.0; +http://yandex.com/bots)"
45.130.7.136 - - [31/Oct/2025:16:38:29 +0500] "GET /catalog.php?mk=&ml=&yr=&sear=+ HTTP/1.0" 200 54141 "https://motor-land.kz/" "Mozilla/5.0 (iPhone; CPU iPhone OS 18_7 like Mac OS X) AppleWebKit/605.1.15 (KHTML, like Gecko) Version/26.0.1 Mobile/15E148 Safari/604.1"
45.130.7.136 - - [31/Oct/2025:16:38:30 +0500] "GET /noting HTTP/1.0" 404 12555 "https://motor-land.kz/catalog.php?mk=&ml=&yr=&sear=+" "Mozilla/5.0 (iPhone; CPU iPhone OS 18_7 like Mac OS X) AppleWebKit/605.1.15 (KHTML, like Gecko) Version/26.0.1 Mobile/15E148 Safari/604.1"
5.255.231.56 - - [31/Oct/2025:16:39:54 +0500] "GET /robots.txt HTTP/1.0" 404 12619 "-" "Mozilla/5.0 (compatible; YandexBot/3.0; +http://yandex.com/bots)"
213.180.203.162 - - [31/Oct/2025:16:39:54 +0500] "GET /robots.txt HTTP/1.0" 404 12619 "-" "Mozilla/5.0 (compatible; YandexBot/3.0; +http://yandex.com/bots)"
213.180.203.100 - - [31/Oct/2025:16:39:55 +0500] "GET /robots.txt HTTP/1.0" 404 12619 "-" "Mozilla/5.0 (compatible; YandexBot/3.0; +http://yandex.com/bots)"
95.108.213.131 - - [31/Oct/2025:16:39:56 +0500] "GET /robots.txt HTTP/1.0" 404 12619 "-" "Mozilla/5.0 (compatible; YandexBot/3.0; +http://yandex.com/bots)"
87.250.224.223 - - [31/Oct/2025:16:39:58 +0500] "GET /robots.txt HTTP/1.0" 404 12619 "-" "Mozilla/5.0 (compatible; YandexBot/3.0; +http://yandex.com/bots)"
87.250.224.53 - - [31/Oct/2025:16:39:58 +0500] "GET /robots.txt HTTP/1.0" 404 12619 "-" "Mozilla/5.0 (compatible; YandexBot/3.0; +http://yandex.com/bots)"
87.250.224.2 - - [31/Oct/2025:16:39:59 +0500] "GET /?yclid=7710547526903176844 HTTP/1.0" 200 20983 "-" "Mozilla/5.0 (compatible; YandexMetrika/2.0; +http://yandex.com/bots yabs01)"
213.180.203.53 - - [31/Oct/2025:16:39:59 +0500] "GET /robots.txt HTTP/1.0" 404 12619 "-" "Mozilla/5.0 (compatible; YandexBot/3.0; +http://yandex.com/bots)"
213.180.203.103 - - [31/Oct/2025:16:40:00 +0500] "GET /robots.txt HTTP/1.0" 404 12619 "-" "Mozilla/5.0 (compatible; YandexBot/3.0; +http://yandex.com/bots)"
213.180.203.120 - - [31/Oct/2025:16:40:02 +0500] "GET /robots.txt HTTP/1.0" 404 12619 "-" "Mozilla/5.0 (compatible; YandexBot/3.0; +http://yandex.com/bots)"
5.255.231.56 - - [31/Oct/2025:16:40:03 +0500] "GET /robots.txt HTTP/1.0" 404 12619 "-" "Mozilla/5.0 (compatible; YandexBot/3.0; +http://yandex.com/bots)"
95.108.213.170 - - [31/Oct/2025:16:43:05 +0500] "GET /?yclid=7710547526903176844 HTTP/1.0" 200 20983 "-" "Mozilla/5.0 (compatible; YandexMetrika/2.0; +http://yandex.com/bots yabs01)"
213.180.203.193 - - [31/Oct/2025:16:45:59 +0500] "GET /?yclid=7710547526903176844 HTTP/1.0" 200 20983 "-" "Mozilla/5.0 (compatible; YandexMetrika/2.0; +http://yandex.com/bots yabs01)"
114.119.138.37 - - [31/Oct/2025:16:46:19 +0500] "GET /actions.php HTTP/1.0" 200 12357 "https://www.motor-land.kz/catalog.php" "Mozilla/5.0 (Linux; Android 7.0;) AppleWebKit/537.36 (KHTML, like Gecko) Mobile Safari/537.36 (compatible; PetalBot;+https://webmaster.petalsearch.com/site/petalbot)"
95.108.213.79 - - [31/Oct/2025:16:47:14 +0500] "GET /?yclid=7710547526903176844 HTTP/1.0" 200 20983 "-" "Mozilla/5.0 (compatible; YandexMetrika/2.0; +http://yandex.com/bots yabs01)"
5.255.231.135 - - [31/Oct/2025:16:50:23 +0500] "GET /?yclid=7710547526903176844 HTTP/1.0" 200 20983 "-" "Mozilla/5.0 (compatible; YandexMetrika/2.0; +http://yandex.com/bots yabs01)"
74.125.151.69 - - [31/Oct/2025:16:52:05 +0500] "GET /detal.php?id=28&yclid=1166543740957884415&ybaip=1 HTTP/1.0" 200 13382 "-" "AdsBot-Google (+http://www.google.com/adsbot.html)"
5.255.231.44 - - [31/Oct/2025:16:53:11 +0500] "GET /?yclid=7710547526903176844 HTTP/1.0" 200 20983 "-" "Mozilla/5.0 (compatible; YandexMetrika/2.0; +http://yandex.com/bots yabs01)"
5.255.231.135 - - [31/Oct/2025:16:54:48 +0500] "GET /robots.txt HTTP/1.0" 404 12619 "-" "Mozilla/5.0 (compatible; YandexBot/3.0; +http://yandex.com/bots)"
5.255.231.43 - - [31/Oct/2025:16:54:49 +0500] "GET /detal?id=7 HTTP/1.0" 200 13280 "-" "Mozilla/5.0 (compatible; YaDirectFetcher/1.0; +http://yandex.com/bots)"
45.130.7.136 - - [31/Oct/2025:16:56:11 +0500] "GET / HTTP/1.0" 200 20919 "https://motor-land.kz/catalog" "Mozilla/5.0 (Macintosh; Intel Mac OS X 10_15_7) AppleWebKit/605.1.15 (KHTML, like Gecko) Version/26.0.1 Safari/605.1.15"
45.130.7.136 - - [31/Oct/2025:16:56:18 +0500] "GET / HTTP/1.0" 200 20919 "https://motor-land.kz/catalog" "Mozilla/5.0 (Macintosh; Intel Mac OS X 10_15_7) AppleWebKit/605.1.15 (KHTML, like Gecko) Version/26.0.1 Safari/605.1.15"
45.130.7.136 - - [31/Oct/2025:16:56:19 +0500] "GET / HTTP/1.0" 200 20919 "https://motor-land.kz/catalog" "Mozilla/5.0 (Macintosh; Intel Mac OS X 10_15_7) AppleWebKit/605.1.15 (KHTML, like Gecko) Version/26.0.1 Safari/605.1.15"
45.130.7.136 - - [31/Oct/2025:16:56:20 +0500] "GET / HTTP/1.0" 200 20919 "https://motor-land.kz/catalog" "Mozilla/5.0 (Macintosh; Intel Mac OS X 10_15_7) AppleWebKit/605.1.15 (KHTML, like Gecko) Version/26.0.1 Safari/605.1.15"
45.130.7.136 - - [31/Oct/2025:16:56:21 +0500] "GET / HTTP/1.0" 200 20919 "https://motor-land.kz/catalog" "Mozilla/5.0 (Macintosh; Intel Mac OS X 10_15_7) AppleWebKit/605.1.15 (KHTML, like Gecko) Version/26.0.1 Safari/605.1.15"
45.130.7.136 - - [31/Oct/2025:16:56:22 +0500] "GET / HTTP/1.0" 200 20919 "https://motor-land.kz/catalog" "Mozilla/5.0 (Macintosh; Intel Mac OS X 10_15_7) AppleWebKit/605.1.15 (KHTML, like Gecko) Version/26.0.1 Safari/605.1.15"
40.77.167.17 - - [31/Oct/2025:16:56:22 +0500] "GET / HTTP/1.0" 200 20983 "-" "Mozilla/5.0 AppleWebKit/537.36 (KHTML, like Gecko; compatible; bingbot/2.0; +http://www.bing.com/bingbot.htm) Chrome/116.0.1938.76 Safari/537.36"
45.130.7.136 - - [31/Oct/2025:16:56:22 +0500] "GET / HTTP/1.0" 200 20919 "https://motor-land.kz/catalog" "Mozilla/5.0 (Macintosh; Intel Mac OS X 10_15_7) AppleWebKit/605.1.15 (KHTML, like Gecko) Version/26.0.1 Safari/605.1.15"
87.250.224.234 - - [31/Oct/2025:16:57:23 +0500] "GET /?yclid=7710547526903176844 HTTP/1.0" 200 20983 "-" "Mozilla/5.0 (compatible; YandexMetrika/2.0; +http://yandex.com/bots yabs01)"
45.130.7.136 - - [31/Oct/2025:16:58:06 +0500] "GET /service HTTP/1.0" 200 14305 "https://motor-land.kz/" "Mozilla/5.0 (Macintosh; Intel Mac OS X 10_15_7) AppleWebKit/605.1.15 (KHTML, like Gecko) Version/26.0.1 Safari/605.1.15"
74.125.151.69 - - [31/Oct/2025:16:58:08 +0500] "GET /detal.php?id=31&yclid=5016644037997756415&ybaip=1 HTTP/1.0" 200 13457 "-" "AdsBot-Google (+http://www.google.com/adsbot.html)"
213.180.203.78 - - [31/Oct/2025:17:00:15 +0500] "GET /?yclid=7710547526903176844 HTTP/1.0" 200 20983 "-" "Mozilla/5.0 (compatible; YandexMetrika/2.0; +http://yandex.com/bots yabs01)"
45.130.7.136 - - [31/Oct/2025:17:02:58 +0500] "GET / HTTP/1.0" 200 20919 "-" "Mozilla/5.0 (Macintosh; Intel Mac OS X 10_15_7) AppleWebKit/605.1.15 (KHTML, like Gecko) Version/26.0.1 Safari/605.1.15"
45.130.7.136 - - [31/Oct/2025:17:03:00 +0500] "GET /service HTTP/1.0" 200 14305 "-" "Mozilla/5.0 (Macintosh; Intel Mac OS X 10_15_7) AppleWebKit/605.1.15 (KHTML, like Gecko) Version/26.0.1 Safari/605.1.15"
5.255.231.28 - - [31/Oct/2025:17:03:32 +0500] "GET /?yclid=7710547526903176844 HTTP/1.0" 200 20983 "-" "Mozilla/5.0 (compatible; YandexMetrika/2.0; +http://yandex.com/bots yabs01)"
2.132.119.219 - - [31/Oct/2025:17:05:05 +0500] "GET / HTTP/1.0" 200 20919 "https://link.2gis.com/" "Mozilla/5.0 (X11; Linux x86_64) AppleWebKit/537.36 (KHTML, like Gecko) Chrome/138.0.0.0 Safari/537.36"
12.75.211.117 - - [31/Oct/2025:17:05:30 +0500] "GET /robots.txt HTTP/1.0" 404 12619 "-" "Mozilla/5.0 (iPhone; CPU iPhone OS 11_0 like Mac OS X) AppleWebKit/537.36 (KHTML, like Gecko) Chrome/57.0.7490.1705 Mobile Safari/537.36"
212.13.137.206 - - [31/Oct/2025:17:05:32 +0500] "GET /?ybaip=1&yclid=10048528289640480767 HTTP/1.0" 200 20983 "https://yandex.kz/" "Mozilla/5.0 (Windows NT 10.0; Win64; x64) AppleWebKit/537.36 (KHTML, like Gecko) Chrome/141.0.0.0 Safari/537.36 Edg/141.0.0.0"
212.13.137.206 - - [31/Oct/2025:17:05:57 +0500] "GET /catalog.php HTTP/1.0" 200 54141 "https://motor-land.kz/?ybaip=1&yclid=10048528289640480767" "Mozilla/5.0 (Windows NT 10.0; Win64; x64) AppleWebKit/537.36 (KHTML, like Gecko) Chrome/141.0.0.0 Safari/537.36 Edg/141.0.0.0"
212.13.137.206 - - [31/Oct/2025:17:05:58 +0500] "GET /noting HTTP/1.0" 404 12555 "https://motor-land.kz/catalog.php" "Mozilla/5.0 (Windows NT 10.0; Win64; x64) AppleWebKit/537.36 (KHTML, like Gecko) Chrome/141.0.0.0 Safari/537.36 Edg/141.0.0.0"
114.119.137.153 - - [31/Oct/2025:17:06:07 +0500] "GET /service.php HTTP/1.0" 200 14369 "http://motor-land.kz/detal.php?id=221" "Mozilla/5.0 (Linux; Android 7.0;) AppleWebKit/537.36 (KHTML, like Gecko) Mobile Safari/537.36 (compatible; PetalBot;+https://webmaster.petalsearch.com/site/petalbot)"
213.180.203.230 - - [31/Oct/2025:17:07:14 +0500] "GET /?yclid=7710547526903176844 HTTP/1.0" 200 20983 "-" "Mozilla/5.0 (compatible; YandexMetrika/2.0; +http://yandex.com/bots yabs01)"
95.108.213.87 - - [31/Oct/2025:17:11:43 +0500] "GET /detal.php?id=71 HTTP/1.0" 200 13894 "-" "Mozilla/5.0 (compatible; YaDirectFetcher/1.0; +http://yandex.com/bots)"
95.108.213.127 - - [31/Oct/2025:17:12:43 +0500] "GET /?yclid=7710547526903176844 HTTP/1.0" 200 20983 "-" "Mozilla/5.0 (compatible; YandexMetrika/2.0; +http://yandex.com/bots yabs01)"
45.130.7.136 - - [31/Oct/2025:17:16:02 +0500] "GET /service HTTP/1.0" 200 14305 "https://motor-land.kz/" "Mozilla/5.0 (Macintosh; Intel Mac OS X 10_15_7) AppleWebKit/605.1.15 (KHTML, like Gecko) Version/26.0.1 Safari/605.1.15"
45.130.7.136 - - [31/Oct/2025:17:16:04 +0500] "GET /service HTTP/1.0" 200 14305 "https://motor-land.kz/" "Mozilla/5.0 (Macintosh; Intel Mac OS X 10_15_7) AppleWebKit/605.1.15 (KHTML, like Gecko) Version/26.0.1 Safari/605.1.15"
45.130.7.136 - - [31/Oct/2025:17:16:04 +0500] "GET /service HTTP/1.0" 200 14305 "https://motor-land.kz/" "Mozilla/5.0 (Macintosh; Intel Mac OS X 10_15_7) AppleWebKit/605.1.15 (KHTML, like Gecko) Version/26.0.1 Safari/605.1.15"
45.130.7.136 - - [31/Oct/2025:17:16:07 +0500] "GET /service HTTP/1.0" 200 14305 "https://motor-land.kz/" "Mozilla/5.0 (Macintosh; Intel Mac OS X 10_15_7) AppleWebKit/605.1.15 (KHTML, like Gecko) Version/26.0.1 Safari/605.1.15"
